<html>
<body>
<pre>
<h1>µVision Build Log</h1>
<h2>Tool Versions:</h2>
IDE-Version: ¦ÌVision V5.31.0.0
Copyright (C) 2020 ARM Ltd and ARM Germany GmbH. All rights reserved.
License Information: guo henji, ZUCC, LIC=03C63-ARQ3H-56AQ2-9W512-1IVFV-ED51E
 
Tool Versions:
Toolchain:       MDK-ARM Plus  Version: 5.31.0.0
Toolchain Path:  F:\Keil_v5\ARM\ARMCLANG\Bin
C Compiler:      ArmClang.exe V6.14
Assembler:       Armasm.exe V6.14
Linker/Locator:  ArmLink.exe V6.14
Library Manager: ArmAr.exe V6.14
Hex Converter:   FromElf.exe V6.14
CPU DLL:         SARMCM3.DLL V5.31.0.0
Dialog DLL:      DCM.DLL V1.17.3.0
Target DLL:      STLink\ST-LINKIII-KEIL_SWO.dll V2.0.14.0_KEIL
Dialog DLL:      TCM.DLL V1.46.0.0
 
<h2>Project:</h2>
f:\vscodespace\PandoraBoard\TIM\MDK-ARM\STM32L475.uvprojx
Project File Date:  07/31/2020

<h2>Output:</h2>
*** Using Compiler 'V6.14', folder: 'F:\Keil_v5\ARM\ARMCLANG\Bin'
Build target 'STM32L475'
compiling tim.c...
../Core/Src/main.c(121): warning: passing 'char [6]' to parameter of type 'uint8_t *' (aka 'unsigned char *') converts between pointers to integer types with different sign [-Wpointer-sign]
      my_printf("sadas");
                ^~~~~~~
../Core/Src/main.c(58): note: passing argument to parameter 'str' here
void my_printf(uint8_t *str);
                        ^
../Core/Src/main.c(200): warning: passing 'char [13]' to parameter of type 'uint8_t *' (aka 'unsigned char *') converts between pointers to integer types with different sign [-Wpointer-sign]
    my_printf("i am timer1\n");
              ^~~~~~~~~~~~~~~
../Core/Src/main.c(58): note: passing argument to parameter 'str' here
void my_printf(uint8_t *str);
                        ^
../Core/Src/main.c(205): warning: passing 'char [13]' to parameter of type 'uint8_t *' (aka 'unsigned char *') converts between pointers to integer types with different sign [-Wpointer-sign]
    my_printf("i am timer2\n");
              ^~~~~~~~~~~~~~~
../Core/Src/main.c(58): note: passing argument to parameter 'str' here
void my_printf(uint8_t *str);
                        ^
3 warnings generated.
compiling main.c...
linking...
Program Size: Code=12210 RO-data=498 RW-data=12 ZI-data=1996  
"STM32L475\STM32L475.axf" - 0 Error(s), 3 Warning(s).

<h2>Software Packages used:</h2>

Package Vendor: ARM
                http://www.keil.com/pack/ARM.CMSIS.5.7.0.pack
                ARM.CMSIS.5.7.0
                CMSIS (Cortex Microcontroller Software Interface Standard)
   * Component: CORE Version: 5.4.0

Package Vendor: Keil
                https://www.keil.com/pack/Keil.STM32L4xx_DFP.2.4.0.pack
                Keil.STM32L4xx_DFP.2.4.0
                STMicroelectronics STM32L4 Series Device Support, Drivers and Examples

<h2>Collection of Component include folders:</h2>
  .\RTE\_STM32L475
  F:\Keil_v5\Packs\ARM\CMSIS\5.7.0\CMSIS\Core\Include
  F:\Keil_v5\Packs\Keil\STM32L4xx_DFP\2.4.0\Drivers\CMSIS\Device\ST\STM32L4xx\Include

<h2>Collection of Component Files used:</h2>

   * Component: ARM::CMSIS:CORE:5.4.0
Build Time Elapsed:  00:00:02
</pre>
</body>
</html>
