Component: ARM Compiler 6.14 Tool: armlink [5db06800]

==============================================================================

Section Cross References

    startup_stm32l475xx.o(STACK) refers (Special) to heapauxi.o(.text) for __use_two_region_memory
    startup_stm32l475xx.o(HEAP) refers (Special) to heapauxi.o(.text) for __use_two_region_memory
    startup_stm32l475xx.o(RESET) refers (Special) to heapauxi.o(.text) for __use_two_region_memory
    startup_stm32l475xx.o(RESET) refers to startup_stm32l475xx.o(STACK) for __initial_sp
    startup_stm32l475xx.o(RESET) refers to startup_stm32l475xx.o(.text) for Reset_Handler
    startup_stm32l475xx.o(RESET) refers to stm32l4xx_it.o(.text.NMI_Handler) for NMI_Handler
    startup_stm32l475xx.o(RESET) refers to stm32l4xx_it.o(.text.HardFault_Handler) for HardFault_Handler
    startup_stm32l475xx.o(RESET) refers to stm32l4xx_it.o(.text.MemManage_Handler) for MemManage_Handler
    startup_stm32l475xx.o(RESET) refers to stm32l4xx_it.o(.text.BusFault_Handler) for BusFault_Handler
    startup_stm32l475xx.o(RESET) refers to stm32l4xx_it.o(.text.UsageFault_Handler) for UsageFault_Handler
    startup_stm32l475xx.o(RESET) refers to stm32l4xx_it.o(.text.SVC_Handler) for SVC_Handler
    startup_stm32l475xx.o(RESET) refers to stm32l4xx_it.o(.text.DebugMon_Handler) for DebugMon_Handler
    startup_stm32l475xx.o(RESET) refers to stm32l4xx_it.o(.text.PendSV_Handler) for PendSV_Handler
    startup_stm32l475xx.o(RESET) refers to stm32l4xx_it.o(.text.SysTick_Handler) for SysTick_Handler
    startup_stm32l475xx.o(RESET) refers to stm32l4xx_it.o(.text.EXTI9_5_IRQHandler) for EXTI9_5_IRQHandler
    startup_stm32l475xx.o(RESET) refers to stm32l4xx_it.o(.text.TIM1_UP_TIM16_IRQHandler) for TIM1_UP_TIM16_IRQHandler
    startup_stm32l475xx.o(RESET) refers to stm32l4xx_it.o(.text.TIM3_IRQHandler) for TIM3_IRQHandler
    startup_stm32l475xx.o(.text) refers (Special) to heapauxi.o(.text) for __use_two_region_memory
    startup_stm32l475xx.o(.text) refers to system_stm32l4xx.o(.text.SystemInit) for SystemInit
    startup_stm32l475xx.o(.text) refers to __main.o(!!!main) for __main
    startup_stm32l475xx.o(.text) refers to startup_stm32l475xx.o(HEAP) for Heap_Mem
    startup_stm32l475xx.o(.text) refers to startup_stm32l475xx.o(STACK) for Stack_Mem
    main.o(.text.main) refers to stm32l4xx_hal.o(.text.HAL_Init) for HAL_Init
    main.o(.text.main) refers to main.o(.text.SystemClock_Config) for SystemClock_Config
    main.o(.text.main) refers to gpio.o(.text.MX_GPIO_Init) for MX_GPIO_Init
    main.o(.text.main) refers to usart.o(.text.MX_USART1_UART_Init) for MX_USART1_UART_Init
    main.o(.text.main) refers to tim.o(.text.MX_TIM1_Init) for MX_TIM1_Init
    main.o(.text.main) refers to tim.o(.text.MX_TIM2_Init) for MX_TIM2_Init
    main.o(.text.main) refers to tim.o(.text.MX_TIM3_Init) for MX_TIM3_Init
    main.o(.text.main) refers to spi.o(.text.MX_SPI3_Init) for MX_SPI3_Init
    main.o(.text.main) refers to led.o(.text.LED_init) for LED_init
    main.o(.text.main) refers to beep.o(.text.BEEP_Init) for BEEP_Init
    main.o(.text.main) refers to lcd.o(.text.LCD_Init) for LCD_Init
    main.o(.text.main) refers to tim.o(.bss.htim2) for htim2
    main.o(.text.main) refers to stm32l4xx_hal_tim.o(.text.HAL_TIM_PWM_Start) for HAL_TIM_PWM_Start
    main.o(.text.main) refers to tim.o(.bss.htim3) for htim3
    main.o(.text.main) refers to stm32l4xx_hal_tim.o(.text.HAL_TIM_Base_Start_IT) for HAL_TIM_Base_Start_IT
    main.o(.text.main) refers to tim.o(.bss.htim1) for htim1
    main.o(.text.main) refers to main.o(.text.my_printf) for my_printf
    main.o(.text.main) refers to main.o(.rodata.gImage_h) for gImage_h
    main.o(.text.main) refers to lcd.o(.text.LCD_Show_Image) for LCD_Show_Image
    main.o(.text.main) refers to stm32l4xx_hal.o(.text.HAL_Delay) for HAL_Delay
    main.o(.text.main) refers to stm32l4xx_hal_gpio.o(.text.HAL_GPIO_ReadPin) for HAL_GPIO_ReadPin
    main.o(.text.main) refers to lcd.o(.text.LCD_Clear) for LCD_Clear
    main.o(.ARM.exidx.text.main) refers to main.o(.text.main) for [Anonymous Symbol]
    main.o(.text.SystemClock_Config) refers to rt_memclr_w.o(.text) for __aeabi_memclr4
    main.o(.text.SystemClock_Config) refers to stm32l4xx_hal_rcc.o(.text.HAL_RCC_OscConfig) for HAL_RCC_OscConfig
    main.o(.text.SystemClock_Config) refers to stm32l4xx_hal_rcc.o(.text.HAL_RCC_ClockConfig) for HAL_RCC_ClockConfig
    main.o(.text.SystemClock_Config) refers to stm32l4xx_hal_rcc_ex.o(.text.HAL_RCCEx_PeriphCLKConfig) for HAL_RCCEx_PeriphCLKConfig
    main.o(.text.SystemClock_Config) refers to stm32l4xx_hal_pwr_ex.o(.text.HAL_PWREx_ControlVoltageScaling) for HAL_PWREx_ControlVoltageScaling
    main.o(.ARM.exidx.text.SystemClock_Config) refers to main.o(.text.SystemClock_Config) for [Anonymous Symbol]
    main.o(.text.my_printf) refers to strlen.o(.text) for strlen
    main.o(.text.my_printf) refers to usart.o(.bss.huart1) for huart1
[...]
    ../clib/angel/rt.s                       0x00000000   Number         0  aeabi_ldiv0.o ABSOLUTE
    ../clib/angel/rt.s                       0x00000000   Number         0  aeabi_ldiv0_sigfpe.o ABSOLUTE
    ../clib/angel/rt.s                       0x00000000   Number         0  rt_div0.o ABSOLUTE
    ../clib/angel/rt.s                       0x00000000   Number         0  rt_raise.o ABSOLUTE
    ../clib/angel/scatter.s                  0x00000000   Number         0  __scatter.o ABSOLUTE
    ../clib/angel/startup.s                  0x00000000   Number         0  __main.o ABSOLUTE
    ../clib/angel/sys.s                      0x00000000   Number         0  sys_stackheap_outer.o ABSOLUTE
    ../clib/angel/sys.s                      0x00000000   Number         0  libspace.o ABSOLUTE
    ../clib/angel/sys.s                      0x00000000   Number         0  use_no_semi.o ABSOLUTE
    ../clib/angel/sys.s                      0x00000000   Number         0  indicate_semi.o ABSOLUTE
    ../clib/angel/sysapp.c                   0x00000000   Number         0  sys_exit.o ABSOLUTE
    ../clib/angel/sysapp.c                   0x00000000   Number         0  sys_exit_hlt.o ABSOLUTE
    ../clib/angel/sysapp.c                   0x00000000   Number         0  sys_wrch.o ABSOLUTE
    ../clib/angel/sysapp.c                   0x00000000   Number         0  sys_wrch_hlt.o ABSOLUTE
    ../clib/angel/sysapp.c                   0x00000000   Number         0  sys_command.o ABSOLUTE
    ../clib/angel/sysapp.c                   0x00000000   Number         0  sys_command_hlt.o ABSOLUTE
    ../clib/armsys.c                         0x00000000   Number         0  argv_veneer.o ABSOLUTE
    ../clib/armsys.c                         0x00000000   Number         0  argv_veneer.o ABSOLUTE
    ../clib/armsys.c                         0x00000000   Number         0  _get_argv_nomalloc.o ABSOLUTE
    ../clib/armsys.c                         0x00000000   Number         0  no_argv.o ABSOLUTE
    ../clib/heapalloc.c                      0x00000000   Number         0  hrguard.o ABSOLUTE
    ../clib/heapaux.c                        0x00000000   Number         0  heapauxi.o ABSOLUTE
    ../clib/libinit.s                        0x00000000   Number         0  libinit.o ABSOLUTE
    ../clib/libinit.s                        0x00000000   Number         0  libinit2.o ABSOLUTE
    ../clib/libinit.s                        0x00000000   Number         0  libshutdown.o ABSOLUTE
    ../clib/libinit.s                        0x00000000   Number         0  libshutdown2.o ABSOLUTE
    ../clib/longlong.s                       0x00000000   Number         0  lludivv7m.o ABSOLUTE
    ../clib/memcpset.s                       0x00000000   Number         0  rt_memclr_w.o ABSOLUTE
    ../clib/signal.c                         0x00000000   Number         0  defsig_fpe_outer.o ABSOLUTE
    ../clib/signal.c                         0x00000000   Number         0  defsig_fpe_formal.o ABSOLUTE
    ../clib/signal.c                         0x00000000   Number         0  defsig_exit.o ABSOLUTE
    ../clib/signal.c                         0x00000000   Number         0  defsig_fpe_inner.o ABSOLUTE
    ../clib/signal.c                         0x00000000   Number         0  __raise.o ABSOLUTE
    ../clib/signal.c                         0x00000000   Number         0  defsig_general.o ABSOLUTE
    ../clib/signal.c                         0x00000000   Number         0  defsig_abrt_inner.o ABSOLUTE
    ../clib/signal.c                         0x00000000   Number         0  defsig_rtred_inner.o ABSOLUTE
    ../clib/signal.c                         0x00000000   Number         0  defsig_rtmem_inner.o ABSOLUTE
    ../clib/signal.c                         0x00000000   Number         0  defsig_rtmem_outer.o ABSOLUTE
    ../clib/signal.c                         0x00000000   Number         0  defsig_rtmem_formal.o ABSOLUTE
    ../clib/signal.c                         0x00000000   Number         0  defsig_stak_inner.o ABSOLUTE
    ../clib/signal.c                         0x00000000   Number         0  defsig_pvfn_inner.o ABSOLUTE
    ../clib/signal.c                         0x00000000   Number         0  defsig_cppl_inner.o ABSOLUTE
    ../clib/signal.c                         0x00000000   Number         0  defsig_segv_inner.o ABSOLUTE
    ../clib/signal.c                         0x00000000   Number         0  defsig_other.o ABSOLUTE
    ../clib/signal.s                         0x00000000   Number         0  defsig.o ABSOLUTE
    ../clib/stdlib.c                         0x00000000   Number         0  exit.o ABSOLUTE
    ../clib/string.c                         0x00000000   Number         0  strlen.o ABSOLUTE
    ../fplib/fpinit.s                        0x00000000   Number         0  fpinit.o ABSOLUTE
    BEEP.c                                   0x00000000   Number         0  beep.o ABSOLUTE
    LCD.c                                    0x00000000   Number         0  lcd.o ABSOLUTE
    LED.c                                    0x00000000   Number         0  led.o ABSOLUTE
    MOTOR.c                                  0x00000000   Number         0  motor.o ABSOLUTE
    dc.s                                     0x00000000   Number         0  dc.o ABSOLUTE
    gpio.c                                   0x00000000   Number         0  gpio.o ABSOLUTE
    main.c                                   0x00000000   Number         0  main.o ABSOLUTE
    spi.c                                    0x00000000   Number         0  spi.o ABSOLUTE
    startup_stm32l475xx.s                    0x00000000   Number         0  startup_stm32l475xx.o ABSOLUTE
    stm32l4xx_hal.c                          0x00000000   Number         0  stm32l4xx_hal.o ABSOLUTE
    stm32l4xx_hal_cortex.c                   0x00000000   Number         0  stm32l4xx_hal_cortex.o ABSOLUTE
    stm32l4xx_hal_dma.c                      0x00000000   Number         0  stm32l4xx_hal_dma.o ABSOLUTE
    stm32l4xx_hal_dma_ex.c                   0x00000000   Number         0  stm32l4xx_hal_dma_ex.o ABSOLUTE
    stm32l4xx_hal_exti.c                     0x00000000   Number         0  stm32l4xx_hal_exti.o ABSOLUTE
    stm32l4xx_hal_flash.c                    0x00000000   Number         0  stm32l4xx_hal_flash.o ABSOLUTE
    stm32l4xx_hal_flash_ex.c                 0x00000000   Number         0  stm32l4xx_hal_flash_ex.o ABSOLUTE
    stm32l4xx_hal_flash_ramfunc.c            0x00000000   Number         0  stm32l4xx_hal_flash_ramfunc.o ABSOLUTE
    stm32l4xx_hal_gpio.c                     0x00000000   Number         0  stm32l4xx_hal_gpio.o ABSOLUTE
    stm32l4xx_hal_i2c.c                      0x00000000   Number         0  stm32l4xx_hal_i2c.o ABSOLUTE
    stm32l4xx_hal_i2c_ex.c                   0x00000000   Number         0  stm32l4xx_hal_i2c_ex.o ABSOLUTE
    stm32l4xx_hal_msp.c                      0x00000000   Number         0  stm32l4xx_hal_msp.o ABSOLUTE
    stm32l4xx_hal_pwr.c                      0x00000000   Number         0  stm32l4xx_hal_pwr.o ABSOLUTE
    stm32l4xx_hal_pwr_ex.c                   0x00000000   Number         0  stm32l4xx_hal_pwr_ex.o ABSOLUTE
    stm32l4xx_hal_rcc.c                      0x00000000   Number         0  stm32l4xx_hal_rcc.o ABSOLUTE
    stm32l4xx_hal_rcc_ex.c                   0x00000000   Number         0  stm32l4xx_hal_rcc_ex.o ABSOLUTE
    stm32l4xx_hal_spi.c                      0x00000000   Number         0  stm32l4xx_hal_spi.o ABSOLUTE
    stm32l4xx_hal_spi_ex.c                   0x00000000   Number         0  stm32l4xx_hal_spi_ex.o ABSOLUTE
    stm32l4xx_hal_tim.c                      0x00000000   Number         0  stm32l4xx_hal_tim.o ABSOLUTE
    stm32l4xx_hal_tim_ex.c                   0x00000000   Number         0  stm32l4xx_hal_tim_ex.o ABSOLUTE
    stm32l4xx_hal_uart.c                     0x00000000   Number         0  stm32l4xx_hal_uart.o ABSOLUTE
    stm32l4xx_hal_uart_ex.c                  0x00000000   Number         0  stm32l4xx_hal_uart_ex.o ABSOLUTE
    stm32l4xx_it.c                           0x00000000   Number         0  stm32l4xx_it.o ABSOLUTE
    system_stm32l4xx.c                       0x00000000   Number         0  system_stm32l4xx.o ABSOLUTE
    tim.c                                    0x00000000   Number         0  tim.o ABSOLUTE
    usart.c                                  0x00000000   Number         0  usart.o ABSOLUTE
    RESET                                    0x08000000   Section      392  startup_stm32l475xx.o(RESET)
    !!!main                                  0x08000188   Section        8  __main.o(!!!main)
    !!!scatter                               0x08000190   Section       52  __scatter.o(!!!scatter)
    !!handler_copy                           0x080001c4   Section       26  __scatter_copy.o(!!handler_copy)
    !!handler_zi                             0x080001e0   Section       28  __scatter_zi.o(!!handler_zi)
    .ARM.Collect$$libinit$$00000000          0x080001fc   Section        2  libinit.o(.ARM.Collect$$libinit$$00000000)
    .ARM.Collect$$libinit$$00000001          0x080001fe   Section        4  libinit2.o(.ARM.Collect$$libinit$$00000001)
    .ARM.Collect$$libinit$$00000004          0x08000202   Section        0  libinit2.o(.ARM.Collect$$libinit$$00000004)
    .ARM.Collect$$libinit$$0000000A          0x08000202   Section        0  libinit2.o(.ARM.Collect$$libinit$$0000000A)
    .ARM.Collect$$libinit$$0000000C          0x08000202   Section        0  libinit2.o(.ARM.Collect$$libinit$$0000000C)
    .ARM.Collect$$libinit$$0000000E          0x08000202   Section        0  libinit2.o(.ARM.Collect$$libinit$$0000000E)
    .ARM.Collect$$libinit$$00000011          0x08000202   Section        0  libinit2.o(.ARM.Collect$$libinit$$00000011)
    .ARM.Collect$$libinit$$00000013          0x08000202   Section        0  libinit2.o(.ARM.Collect$$libinit$$00000013)
    .ARM.Collect$$libinit$$00000015          0x08000202   Section        0  libinit2.o(.ARM.Collect$$libinit$$00000015)
    .ARM.Collect$$libinit$$00000017          0x08000202   Section        0  libinit2.o(.ARM.Collect$$libinit$$00000017)
    .ARM.Collect$$libinit$$00000019          0x08000202   Section        0  libinit2.o(.ARM.Collect$$libinit$$00000019)
    .ARM.Collect$$libinit$$0000001B          0x08000202   Section        0  libinit2.o(.ARM.Collect$$libinit$$0000001B)
    .ARM.Collect$$libinit$$0000001D          0x08000202   Section        0  libinit2.o(.ARM.Collect$$libinit$$0000001D)
    .ARM.Collect$$libinit$$0000001F          0x08000202   Section        0  libinit2.o(.ARM.Collect$$libinit$$0000001F)
    .ARM.Collect$$libinit$$00000021          0x08000202   Section        0  libinit2.o(.ARM.Collect$$libinit$$00000021)
    .ARM.Collect$$libinit$$00000023          0x08000202   Section        0  libinit2.o(.ARM.Collect$$libinit$$00000023)
    .ARM.Collect$$libinit$$00000025          0x08000202   Section        0  libinit2.o(.ARM.Collect$$libinit$$00000025)
    .ARM.Collect$$libinit$$0000002C          0x08000202   Section        0  libinit2.o(.ARM.Collect$$libinit$$0000002C)
    .ARM.Collect$$libinit$$0000002E          0x08000202   Section        0  libinit2.o(.ARM.Collect$$libinit$$0000002E)
    .ARM.Collect$$libinit$$00000030          0x08000202   Section        0  libinit2.o(.ARM.Collect$$libinit$$00000030)
    .ARM.Collect$$libinit$$00000032          0x08000202   Section        0  libinit2.o(.ARM.Collect$$libinit$$00000032)
    .ARM.Collect$$libinit$$00000033          0x08000202   Section        2  libinit2.o(.ARM.Collect$$libinit$$00000033)
    .ARM.Collect$$libshutdown$$00000000      0x08000204   Section        2  libshutdown.o(.ARM.Collect$$libshutdown$$00000000)
    .ARM.Collect$$libshutdown$$00000002      0x08000206   Section        0  libshutdown2.o(.ARM.Collect$$libshutdown$$00000002)
    .ARM.Collect$$libshutdown$$00000004      0x08000206   Section        0  libshutdown2.o(.ARM.Collect$$libshutdown$$00000004)
    .ARM.Collect$$libshutdown$$00000007      0x08000206   Section        0  libshutdown2.o(.ARM.Collect$$libshutdown$$00000007)
    .ARM.Collect$$libshutdown$$0000000A      0x08000206   Section        0  libshutdown2.o(.ARM.Collect$$libshutdown$$0000000A)
    .ARM.Collect$$libshutdown$$0000000C      0x08000206   Section        0  libshutdown2.o(.ARM.Collect$$libshutdown$$0000000C)
    .ARM.Collect$$libshutdown$$0000000F      0x08000206   Section        0  libshutdown2.o(.ARM.Collect$$libshutdown$$0000000F)
    .ARM.Collect$$libshutdown$$00000010      0x08000206   Section        2  libshutdown2.o(.ARM.Collect$$libshutdown$$00000010)
    .ARM.Collect$$rtentry$$00000000          0x08000208   Section        0  __rtentry.o(.ARM.Collect$$rtentry$$00000000)
    .ARM.Collect$$rtentry$$00000002          0x08000208   Section        0  __rtentry2.o(.ARM.Collect$$rtentry$$00000002)
    .ARM.Collect$$rtentry$$00000004          0x08000208   Section        6  __rtentry4.o(.ARM.Collect$$rtentry$$00000004)
    .ARM.Collect$$rtentry$$00000009          0x0800020e   Section        0  __rtentry2.o(.ARM.Collect$$rtentry$$00000009)
    .ARM.Collect$$rtentry$$0000000A          0x0800020e   Section        4  __rtentry2.o(.ARM.Collect$$rtentry$$0000000A)
    .ARM.Collect$$rtentry$$0000000C          0x08000212   Section        0  __rtentry2.o(.ARM.Collect$$rtentry$$0000000C)
    .ARM.Collect$$rtentry$$0000000D          0x08000212   Section        8  __rtentry2.o(.ARM.Collect$$rtentry$$0000000D)
    .ARM.Collect$$rtexit$$00000000           0x0800021a   Section        2  rtexit.o(.ARM.Collect$$rtexit$$00000000)
    .ARM.Collect$$rtexit$$00000002           0x0800021c   Section        0  rtexit2.o(.ARM.Collect$$rtexit$$00000002)
    .ARM.Collect$$rtexit$$00000003           0x0800021c   Section        4  rtexit2.o(.ARM.Collect$$rtexit$$00000003)
    .ARM.Collect$$rtexit$$00000004           0x08000220   Section        6  rtexit2.o(.ARM.Collect$$rtexit$$00000004)
    $v0                                      0x08000228   Number         0  startup_stm32l475xx.o(.text)
    .text                                    0x08000228   Section       64  startup_stm32l475xx.o(.text)
    .text                                    0x08000268   Section      240  lludivv7m.o(.text)
    .text                                    0x08000358   Section        0  strlen.o(.text)
    .text                                    0x08000396   Section       78  rt_memclr_w.o(.text)
    .text                                    0x080003e4   Section        0  heapauxi.o(.text)
    .text                                    0x080003ea   Section       74  sys_stackheap_outer.o(.text)
    .text                                    0x08000434   Section        0  exit.o(.text)
    .text                                    0x08000448   Section        8  libspace.o(.text)
    .text                                    0x08000450   Section        0  sys_exit.o(.text)
    .text                                    0x0800045c   Section        2  use_no_semi.o(.text)
    .text                                    0x0800045e   Section        0  indicate_semi.o(.text)
    [Anonymous Symbol]                       0x08000460   Section        0  beep.o(.text.BEEP_Init)
    [Anonymous Symbol]                       0x080004c4   Section        0  stm32l4xx_it.o(.text.BusFault_Handler)
    [Anonymous Symbol]                       0x080004c8   Section        0  stm32l4xx_it.o(.text.DebugMon_Handler)
    [Anonymous Symbol]                       0x080004cc   Section        0  stm32l4xx_it.o(.text.EXTI9_5_IRQHandler)
    [Anonymous Symbol]                       0x080004d8   Section        0  main.o(.text.Error_Handler)
    [Anonymous Symbol]                       0x080004dc   Section        0  stm32l4xx_hal.o(.text.HAL_Delay)
    [Anonymous Symbol]                       0x08000504   Section        0  main.o(.text.HAL_GPIO_EXTI_Callback)
    [Anonymous Symbol]                       0x08000530   Section        0  stm32l4xx_hal_gpio.o(.text.HAL_GPIO_EXTI_IRQHandler)
    [Anonymous Symbol]                       0x0800054c   Section        0  stm32l4xx_hal_gpio.o(.text.HAL_GPIO_Init)
    [Anonymous Symbol]                       0x0800070c   Section        0  stm32l4xx_hal_gpio.o(.text.HAL_GPIO_ReadPin)
    [Anonymous Symbol]                       0x08000718   Section        0  stm32l4xx_hal_gpio.o(.text.HAL_GPIO_TogglePin)
    [Anonymous Symbol]                       0x08000728   Section        0  stm32l4xx_hal_gpio.o(.text.HAL_GPIO_WritePin)
    [Anonymous Symbol]                       0x08000734   Section        0  stm32l4xx_hal.o(.text.HAL_GetTick)
    [Anonymous Symbol]                       0x08000740   Section        0  stm32l4xx_hal.o(.text.HAL_IncTick)
    [Anonymous Symbol]                       0x0800075c   Section        0  stm32l4xx_hal.o(.text.HAL_Init)
    [Anonymous Symbol]                       0x0800077c   Section        0  stm32l4xx_hal.o(.text.HAL_InitTick)
    [Anonymous Symbol]                       0x080007d4   Section        0  stm32l4xx_hal_msp.o(.text.HAL_MspInit)
    [Anonymous Symbol]                       0x08000810   Section        0  stm32l4xx_hal_cortex.o(.text.HAL_NVIC_EnableIRQ)
    [Anonymous Symbol]                       0x08000818   Section        0  stm32l4xx_hal_cortex.o(.text.HAL_NVIC_SetPriority)
    [Anonymous Symbol]                       0x08000838   Section        0  stm32l4xx_hal_cortex.o(.text.HAL_NVIC_SetPriorityGrouping)
    [Anonymous Symbol]                       0x08000840   Section        0  stm32l4xx_hal_pwr_ex.o(.text.HAL_PWREx_ControlVoltageScaling)
    [Anonymous Symbol]                       0x080008b8   Section        0  stm32l4xx_hal_pwr_ex.o(.text.HAL_PWREx_GetVoltageRange)
    [Anonymous Symbol]                       0x080008c8   Section        0  stm32l4xx_hal_rcc_ex.o(.text.HAL_RCCEx_PeriphCLKConfig)
    [Anonymous Symbol]                       0x08000c8c   Section        0  stm32l4xx_hal_rcc.o(.text.HAL_RCC_ClockConfig)
    [Anonymous Symbol]                       0x08000dec   Section        0  stm32l4xx_hal_rcc.o(.text.HAL_RCC_GetHCLKFreq)
    [Anonymous Symbol]                       0x08000df8   Section        0  stm32l4xx_hal_rcc.o(.text.HAL_RCC_GetPCLK1Freq)
    [Anonymous Symbol]                       0x08000e20   Section        0  stm32l4xx_hal_rcc.o(.text.HAL_RCC_GetPCLK2Freq)
    [Anonymous Symbol]                       0x08000e48   Section        0  stm32l4xx_hal_rcc.o(.text.HAL_RCC_GetSysClockFreq)
    [Anonymous Symbol]                       0x08000f08   Section        0  stm32l4xx_hal_rcc.o(.text.HAL_RCC_OscConfig)
    [Anonymous Symbol]                       0x080014a4   Section        0  stm32l4xx_hal_spi.o(.text.HAL_SPI_Init)
    [Anonymous Symbol]                       0x08001580   Section        0  spi.o(.text.HAL_SPI_MspInit)
    [Anonymous Symbol]                       0x0800162c   Section        0  stm32l4xx_hal_spi.o(.text.HAL_SPI_Transmit)
    [Anonymous Symbol]                       0x080017e4   Section        0  stm32l4xx_hal_cortex.o(.text.HAL_SYSTICK_Config)
    [Anonymous Symbol]                       0x080017ec   Section        0  stm32l4xx_hal_tim_ex.o(.text.HAL_TIMEx_Break2Callback)
    [Anonymous Symbol]                       0x080017f0   Section        0  stm32l4xx_hal_tim_ex.o(.text.HAL_TIMEx_BreakCallback)
    [Anonymous Symbol]                       0x080017f4   Section        0  stm32l4xx_hal_tim_ex.o(.text.HAL_TIMEx_CommutCallback)
    [Anonymous Symbol]                       0x080017f8   Section        0  stm32l4xx_hal_tim_ex.o(.text.HAL_TIMEx_MasterConfigSynchronization)
    [Anonymous Symbol]                       0x080018bc   Section        0  stm32l4xx_hal_tim.o(.text.HAL_TIM_Base_Init)
    [Anonymous Symbol]                       0x08001920   Section        0  tim.o(.text.HAL_TIM_Base_MspInit)
    [Anonymous Symbol]                       0x080019c0   Section        0  stm32l4xx_hal_tim.o(.text.HAL_TIM_Base_Start_IT)
    [Anonymous Symbol]                       0x08001a70   Section        0  stm32l4xx_hal_tim.o(.text.HAL_TIM_ConfigClockSource)
    [Anonymous Symbol]                       0x08001b44   Section        0  stm32l4xx_hal_tim.o(.text.HAL_TIM_IC_CaptureCallback)
    [Anonymous Symbol]                       0x08001b48   Section        0  stm32l4xx_hal_tim.o(.text.HAL_TIM_IRQHandler)
    [Anonymous Symbol]                       0x08001cd0   Section        0  tim.o(.text.HAL_TIM_MspPostInit)
    [Anonymous Symbol]                       0x08001d24   Section        0  stm32l4xx_hal_tim.o(.text.HAL_TIM_OC_DelayElapsedCallback)
    [Anonymous Symbol]                       0x08001d28   Section        0  stm32l4xx_hal_tim.o(.text.HAL_TIM_PWM_ConfigChannel)
    [Anonymous Symbol]                       0x08001de0   Section        0  stm32l4xx_hal_tim.o(.text.HAL_TIM_PWM_Init)
    [Anonymous Symbol]                       0x08001e44   Section        0  stm32l4xx_hal_tim.o(.text.HAL_TIM_PWM_MspInit)
    [Anonymous Symbol]                       0x08001e48   Section        0  stm32l4xx_hal_tim.o(.text.HAL_TIM_PWM_PulseFinishedCallback)
    [Anonymous Symbol]                       0x08001e4c   Section        0  stm32l4xx_hal_tim.o(.text.HAL_TIM_PWM_Start)
    [Anonymous Symbol]                       0x08001ffc   Section        0  main.o(.text.HAL_TIM_PeriodElapsedCallback)
    [Anonymous Symbol]                       0x08002060   Section        0  stm32l4xx_hal_tim.o(.text.HAL_TIM_TriggerCallback)
    [Anonymous Symbol]                       0x08002064   Section        0  stm32l4xx_hal_uart.o(.text.HAL_UART_Init)
    [Anonymous Symbol]                       0x080020c4   Section        0  usart.o(.text.HAL_UART_MspInit)
    [Anonymous Symbol]                       0x08002134   Section        0  stm32l4xx_hal_uart.o(.text.HAL_UART_Transmit)
    [Anonymous Symbol]                       0x08002208   Section        0  stm32l4xx_it.o(.text.HardFault_Handler)
    [Anonymous Symbol]                       0x0800220c   Section        0  lcd.o(.text.LCD_Address_Set)
    [Anonymous Symbol]                       0x08002260   Section        0  lcd.o(.text.LCD_Clear)
    [Anonymous Symbol]                       0x080022c0   Section        0  lcd.o(.text.LCD_GPIO_init)
    [Anonymous Symbol]                       0x0800237c   Section        0  lcd.o(.text.LCD_Init)
    LCD_SPI_Send                             0x0800251d   Thumb Code     8  lcd.o(.text.LCD_SPI_Send)
    [Anonymous Symbol]                       0x0800251c   Section        0  lcd.o(.text.LCD_SPI_Send)
    [Anonymous Symbol]                       0x08002524   Section        0  lcd.o(.text.LCD_Show_Image)
    LCD_Write_Cmd                            0x08002569   Thumb Code    38  lcd.o(.text.LCD_Write_Cmd)
    [Anonymous Symbol]                       0x08002568   Section        0  lcd.o(.text.LCD_Write_Cmd)
    LCD_Write_Data                           0x08002591   Thumb Code    38  lcd.o(.text.LCD_Write_Data)
    [Anonymous Symbol]                       0x08002590   Section        0  lcd.o(.text.LCD_Write_Data)
    [Anonymous Symbol]                       0x080025b8   Section        0  led.o(.text.LED_color)
    [Anonymous Symbol]                       0x08002640   Section        0  led.o(.text.LED_init)
    [Anonymous Symbol]                       0x080026bc   Section        0  gpio.o(.text.MX_GPIO_Init)
    [Anonymous Symbol]                       0x08002778   Section        0  spi.o(.text.MX_SPI3_Init)
    [Anonymous Symbol]                       0x080027c4   Section        0  tim.o(.text.MX_TIM1_Init)
    [Anonymous Symbol]                       0x08002848   Section        0  tim.o(.text.MX_TIM2_Init)
    [Anonymous Symbol]                       0x0800291c   Section        0  tim.o(.text.MX_TIM3_Init)
    [Anonymous Symbol]                       0x0800299c   Section        0  usart.o(.text.MX_USART1_UART_Init)
    [Anonymous Symbol]                       0x080029d8   Section        0  stm32l4xx_it.o(.text.MemManage_Handler)
    [Anonymous Symbol]                       0x080029dc   Section        0  stm32l4xx_it.o(.text.NMI_Handler)
    NVIC_EncodePriority                      0x080029e1   Thumb Code    44  stm32l4xx_hal_cortex.o(.text.NVIC_EncodePriority)
    [Anonymous Symbol]                       0x080029e0   Section        0  stm32l4xx_hal_cortex.o(.text.NVIC_EncodePriority)
    [Anonymous Symbol]                       0x08002a0c   Section        0  stm32l4xx_it.o(.text.PendSV_Handler)
    RCCEx_PLLSAI1_Config                     0x08002a11   Thumb Code   358  stm32l4xx_hal_rcc_ex.o(.text.RCCEx_PLLSAI1_Config)
    [Anonymous Symbol]                       0x08002a10   Section        0  stm32l4xx_hal_rcc_ex.o(.text.RCCEx_PLLSAI1_Config)
    RCCEx_PLLSAI2_Config                     0x08002b79   Thumb Code   322  stm32l4xx_hal_rcc_ex.o(.text.RCCEx_PLLSAI2_Config)
    [Anonymous Symbol]                       0x08002b78   Section        0  stm32l4xx_hal_rcc_ex.o(.text.RCCEx_PLLSAI2_Config)
    RCC_SetFlashLatencyFromMSIRange          0x08002cbd   Thumb Code   142  stm32l4xx_hal_rcc.o(.text.RCC_SetFlashLatencyFromMSIRange)
    [Anonymous Symbol]                       0x08002cbc   Section        0  stm32l4xx_hal_rcc.o(.text.RCC_SetFlashLatencyFromMSIRange)
    [Anonymous Symbol]                       0x08002d4c   Section        0  spi.o(.text.SPI3_WriteByte)
    SPI_EndRxTxTransaction                   0x08002d65   Thumb Code    66  stm32l4xx_hal_spi.o(.text.SPI_EndRxTxTransaction)
    [Anonymous Symbol]                       0x08002d64   Section        0  stm32l4xx_hal_spi.o(.text.SPI_EndRxTxTransaction)
    SPI_WaitFifoStateUntilTimeout            0x08002da9   Thumb Code   212  stm32l4xx_hal_spi.o(.text.SPI_WaitFifoStateUntilTimeout)
    [Anonymous Symbol]                       0x08002da8   Section        0  stm32l4xx_hal_spi.o(.text.SPI_WaitFifoStateUntilTimeout)
    SPI_WaitFlagStateUntilTimeout            0x08002e7d   Thumb Code   180  stm32l4xx_hal_spi.o(.text.SPI_WaitFlagStateUntilTimeout)
    [Anonymous Symbol]                       0x08002e7c   Section        0  stm32l4xx_hal_spi.o(.text.SPI_WaitFlagStateUntilTimeout)
    [Anonymous Symbol]                       0x08002f30   Section        0  stm32l4xx_it.o(.text.SVC_Handler)
    SysTick_Config                           0x08002f35   Thumb Code    46  stm32l4xx_hal_cortex.o(.text.SysTick_Config)
    [Anonymous Symbol]                       0x08002f34   Section        0  stm32l4xx_hal_cortex.o(.text.SysTick_Config)
    [Anonymous Symbol]                       0x08002f64   Section        0  stm32l4xx_it.o(.text.SysTick_Handler)
    [Anonymous Symbol]                       0x08002f6c   Section        0  main.o(.text.SystemClock_Config)
    [Anonymous Symbol]                       0x08002fe4   Section        0  system_stm32l4xx.o(.text.SystemInit)
    [Anonymous Symbol]                       0x08003038   Section        0  stm32l4xx_it.o(.text.TIM1_UP_TIM16_IRQHandler)
    [Anonymous Symbol]                       0x08003048   Section        0  stm32l4xx_it.o(.text.TIM3_IRQHandler)
    [Anonymous Symbol]                       0x08003058   Section        0  stm32l4xx_hal_tim.o(.text.TIM_Base_SetConfig)
    [Anonymous Symbol]                       0x0800317c   Section        0  stm32l4xx_hal_tim.o(.text.TIM_CCxChannelCmd)
    [Anonymous Symbol]                       0x080031a0   Section        0  stm32l4xx_hal_tim.o(.text.TIM_ETR_SetConfig)
    TIM_ITRx_SetConfig                       0x080031b9   Thumb Code    16  stm32l4xx_hal_tim.o(.text.TIM_ITRx_SetConfig)
    [Anonymous Symbol]                       0x080031b8   Section        0  stm32l4xx_hal_tim.o(.text.TIM_ITRx_SetConfig)
    TIM_OC1_SetConfig                        0x080031c9   Thumb Code   128  stm32l4xx_hal_tim.o(.text.TIM_OC1_SetConfig)
    [Anonymous Symbol]                       0x080031c8   Section        0  stm32l4xx_hal_tim.o(.text.TIM_OC1_SetConfig)
    [Anonymous Symbol]                       0x08003248   Section        0  stm32l4xx_hal_tim.o(.text.TIM_OC2_SetConfig)
    TIM_OC3_SetConfig                        0x080032d9   Thumb Code   142  stm32l4xx_hal_tim.o(.text.TIM_OC3_SetConfig)
    [Anonymous Symbol]                       0x080032d8   Section        0  stm32l4xx_hal_tim.o(.text.TIM_OC3_SetConfig)
    TIM_OC4_SetConfig                        0x08003369   Thumb Code    96  stm32l4xx_hal_tim.o(.text.TIM_OC4_SetConfig)
    [Anonymous Symbol]                       0x08003368   Section        0  stm32l4xx_hal_tim.o(.text.TIM_OC4_SetConfig)
    TIM_OC5_SetConfig                        0x080033c9   Thumb Code    96  stm32l4xx_hal_tim.o(.text.TIM_OC5_SetConfig)
    [Anonymous Symbol]                       0x080033c8   Section        0  stm32l4xx_hal_tim.o(.text.TIM_OC5_SetConfig)
    TIM_OC6_SetConfig                        0x08003429   Thumb Code    96  stm32l4xx_hal_tim.o(.text.TIM_OC6_SetConfig)
    [Anonymous Symbol]                       0x08003428   Section        0  stm32l4xx_hal_tim.o(.text.TIM_OC6_SetConfig)
    TIM_TI1_ConfigInputStage                 0x08003489   Thumb Code    34  stm32l4xx_hal_tim.o(.text.TIM_TI1_ConfigInputStage)
    [Anonymous Symbol]                       0x08003488   Section        0  stm32l4xx_hal_tim.o(.text.TIM_TI1_ConfigInputStage)
    TIM_TI2_ConfigInputStage                 0x080034ad   Thumb Code    36  stm32l4xx_hal_tim.o(.text.TIM_TI2_ConfigInputStage)
    [Anonymous Symbol]                       0x080034ac   Section        0  stm32l4xx_hal_tim.o(.text.TIM_TI2_ConfigInputStage)
    [Anonymous Symbol]                       0x080034d0   Section        0  stm32l4xx_hal_uart.o(.text.UART_AdvFeatureConfig)
    [Anonymous Symbol]                       0x080035b8   Section        0  stm32l4xx_hal_uart.o(.text.UART_CheckIdleState)
    [Anonymous Symbol]                       0x08003620   Section        0  stm32l4xx_hal_uart.o(.text.UART_SetConfig)
    [Anonymous Symbol]                       0x08003888   Section        0  stm32l4xx_hal_uart.o(.text.UART_WaitOnFlagUntilTimeout)
    [Anonymous Symbol]                       0x08003938   Section        0  stm32l4xx_it.o(.text.UsageFault_Handler)
    __NVIC_EnableIRQ                         0x0800393d   Thumb Code    32  stm32l4xx_hal_cortex.o(.text.__NVIC_EnableIRQ)
    [Anonymous Symbol]                       0x0800393c   Section        0  stm32l4xx_hal_cortex.o(.text.__NVIC_EnableIRQ)
    __NVIC_GetPriorityGrouping               0x0800395d   Thumb Code    16  stm32l4xx_hal_cortex.o(.text.__NVIC_GetPriorityGrouping)
    [Anonymous Symbol]                       0x0800395c   Section        0  stm32l4xx_hal_cortex.o(.text.__NVIC_GetPriorityGrouping)
    __NVIC_SetPriority                       0x0800396d   Thumb Code    34  stm32l4xx_hal_cortex.o(.text.__NVIC_SetPriority)
    [Anonymous Symbol]                       0x0800396c   Section        0  stm32l4xx_hal_cortex.o(.text.__NVIC_SetPriority)
    __NVIC_SetPriorityGrouping               0x08003991   Thumb Code    32  stm32l4xx_hal_cortex.o(.text.__NVIC_SetPriorityGrouping)
    [Anonymous Symbol]                       0x08003990   Section        0  stm32l4xx_hal_cortex.o(.text.__NVIC_SetPriorityGrouping)
    [Anonymous Symbol]                       0x080039b0   Section        0  main.o(.text.main)
    [Anonymous Symbol]                       0x08003ae8   Section        0  main.o(.text.my_printf)
    $v0                                      0x08003b04   Number         0  fpinit.o(x$fpl$fpinit)
    x$fpl$fpinit                             0x08003b04   Section       26  fpinit.o(x$fpl$fpinit)
    .bss                                     0x20000010   Section       96  libspace.o(.bss)
    lcd_buf                                  0x20000238   Data        1152  lcd.o(.bss.lcd_buf)
    [Anonymous Symbol]                       0x20000238   Section        0  lcd.o(.bss.lcd_buf)
    Heap_Mem                                 0x200006c0   Data         512  startup_stm32l475xx.o(HEAP)
    HEAP                                     0x200006c0   Section      512  startup_stm32l475xx.o(HEAP)
    Stack_Mem                                0x200008c0   Data        1024  startup_stm32l475xx.o(STACK)
    STACK                                    0x200008c0   Section     1024  startup_stm32l475xx.o(STACK)
    __initial_sp                             0x20000cc0   Data           0  startup_stm32l475xx.o(STACK)

    Global Symbols

    Symbol Name                              Value     Ov Type        Size  Object(Section)

    BuildAttributes$$THM_ISAv4$E$P$D$K$B$S$7EM$VFPi3$EXTD16$VFPS$VFMA$PE$A:L22UL41UL21$X:L11$S22US41US21$IEEE1$IW$~IW$USESV6$~STKCKD$USESV7$~SHL$OTIME$ROPI$EBA8$UX$STANDARDLIB$REQ8$PRES8$EABIv2 0x00000000   Number         0  anon$$obj.o ABSOLUTE
    __ARM_exceptions_init                     - Undefined Weak Reference
    __alloca_initialize                       - Undefined Weak Reference
    __arm_preinit_                            - Undefined Weak Reference
    __cpp_initialize__aeabi_                  - Undefined Weak Reference
    __cxa_finalize                            - Undefined Weak Reference
    __rt_locale                               - Undefined Weak Reference
    __sigvec_lookup                           - Undefined Weak Reference
    _atexit_init                              - Undefined Weak Reference
    _call_atexit_fns                          - Undefined Weak Reference
    _clock_init                               - Undefined Weak Reference
    _fp_trap_init                             - Undefined Weak Reference
    _fp_trap_shutdown                         - Undefined Weak Reference
    _get_lc_collate                           - Undefined Weak Reference
    _get_lc_ctype                             - Undefined Weak Reference
    _get_lc_monetary                          - Undefined Weak Reference
    _get_lc_numeric                           - Undefined Weak Reference
    _get_lc_time                              - Undefined Weak Reference
    _getenv_init                              - Undefined Weak Reference
    _handle_redirection                       - Undefined Weak Reference
    _init_alloc                               - Undefined Weak Reference
    _init_user_alloc                          - Undefined Weak Reference
    _initio                                   - Undefined Weak Reference
    _rand_init                                - Undefined Weak Reference
    _signal_finish                            - Undefined Weak Reference
    _signal_init                              - Undefined Weak Reference
    _terminate_alloc                          - Undefined Weak Reference
    _terminate_user_alloc                     - Undefined Weak Reference
    _terminateio                              - Undefined Weak Reference
    __Vectors_Size                           0x00000188   Number         0  startup_stm32l475xx.o ABSOLUTE
    __Vectors                                0x08000000   Data           4  startup_stm32l475xx.o(RESET)
    __Vectors_End                            0x08000188   Data           0  startup_stm32l475xx.o(RESET)
    __main                                   0x08000189   Thumb Code     8  __main.o(!!!main)
    __scatterload                            0x08000191   Thumb Code     0  __scatter.o(!!!scatter)
    __scatterload_rt2                        0x08000191   Thumb Code    44  __scatter.o(!!!scatter)
    __scatterload_rt2_thumb_only             0x08000191   Thumb Code     0  __scatter.o(!!!scatter)
    __scatterload_null                       0x0800019f   Thumb Code     0  __scatter.o(!!!scatter)
    __scatterload_copy                       0x080001c5   Thumb Code    26  __scatter_copy.o(!!handler_copy)
    __scatterload_zeroinit                   0x080001e1   Thumb Code    28  __scatter_zi.o(!!handler_zi)
    __rt_lib_init                            0x080001fd   Thumb Code     0  libinit.o(.ARM.Collect$$libinit$$00000000)
    __rt_lib_init_fp_1                       0x080001ff   Thumb Code     0  libinit2.o(.ARM.Collect$$libinit$$00000001)
    __rt_lib_init_alloca_1                   0x08000203   Thumb Code     0  libinit2.o(.ARM.Collect$$libinit$$0000002E)
    __rt_lib_init_argv_1                     0x08000203   Thumb Code     0  libinit2.o(.ARM.Collect$$libinit$$0000002C)
    __rt_lib_init_atexit_1                   0x08000203   Thumb Code     0  libinit2.o(.ARM.Collect$$libinit$$0000001B)
    __rt_lib_init_clock_1                    0x08000203   Thumb Code     0  libinit2.o(.ARM.Collect$$libinit$$00000021)
    __rt_lib_init_cpp_1                      0x08000203   Thumb Code     0  libinit2.o(.ARM.Collect$$libinit$$00000032)
    __rt_lib_init_exceptions_1               0x08000203   Thumb Code     0  libinit2.o(.ARM.Collect$$libinit$$00000030)
    __rt_lib_init_fp_trap_1                  0x08000203   Thumb Code     0  libinit2.o(.ARM.Collect$$libinit$$0000001F)
    __rt_lib_init_getenv_1                   0x08000203   Thumb Code     0  libinit2.o(.ARM.Collect$$libinit$$00000023)
    __rt_lib_init_heap_1                     0x08000203   Thumb Code     0  libinit2.o(.ARM.Collect$$libinit$$0000000A)
    __rt_lib_init_lc_collate_1               0x08000203   Thumb Code     0  libinit2.o(.ARM.Collect$$libinit$$00000011)
    __rt_lib_init_lc_ctype_1                 0x08000203   Thumb Code     0  libinit2.o(.ARM.Collect$$libinit$$00000013)
    __rt_lib_init_lc_monetary_1              0x08000203   Thumb Code     0  libinit2.o(.ARM.Collect$$libinit$$00000015)
    __rt_lib_init_lc_numeric_1               0x08000203   Thumb Code     0  libinit2.o(.ARM.Collect$$libinit$$00000017)
    __rt_lib_init_lc_time_1                  0x08000203   Thumb Code     0  libinit2.o(.ARM.Collect$$libinit$$00000019)
    __rt_lib_init_preinit_1                  0x08000203   Thumb Code     0  libinit2.o(.ARM.Collect$$libinit$$00000004)
    __rt_lib_init_rand_1                     0x08000203   Thumb Code     0  libinit2.o(.ARM.Collect$$libinit$$0000000E)
    __rt_lib_init_return                     0x08000203   Thumb Code     0  libinit2.o(.ARM.Collect$$libinit$$00000033)
    __rt_lib_init_signal_1                   0x08000203   Thumb Code     0  libinit2.o(.ARM.Collect$$libinit$$0000001D)
    __rt_lib_init_stdio_1                    0x08000203   Thumb Code     0  libinit2.o(.ARM.Collect$$libinit$$00000025)
    __rt_lib_init_user_alloc_1               0x08000203   Thumb Code     0  libinit2.o(.ARM.Collect$$libinit$$0000000C)
    __rt_lib_shutdown                        0x08000205   Thumb Code     0  libshutdown.o(.ARM.Collect$$libshutdown$$00000000)
    __rt_lib_shutdown_cpp_1                  0x08000207   Thumb Code     0  libshutdown2.o(.ARM.Collect$$libshutdown$$00000002)
    __rt_lib_shutdown_fp_trap_1              0x08000207   Thumb Code     0  libshutdown2.o(.ARM.Collect$$libshutdown$$00000007)
    __rt_lib_shutdown_heap_1                 0x08000207   Thumb Code     0  libshutdown2.o(.ARM.Collect$$libshutdown$$0000000F)
    __rt_lib_shutdown_return                 0x08000207   Thumb Code     0  libshutdown2.o(.ARM.Collect$$libshutdown$$00000010)
    __rt_lib_shutdown_signal_1               0x08000207   Thumb Code     0  libshutdown2.o(.ARM.Collect$$libshutdown$$0000000A)
    __rt_lib_shutdown_stdio_1                0x08000207   Thumb Code     0  libshutdown2.o(.ARM.Collect$$libshutdown$$00000004)
    __rt_lib_shutdown_user_alloc_1           0x08000207   Thumb Code     0  libshutdown2.o(.ARM.Collect$$libshutdown$$0000000C)
    __rt_entry                               0x08000209   Thumb Code     0  __rtentry.o(.ARM.Collect$$rtentry$$00000000)
    __rt_entry_presh_1                       0x08000209   Thumb Code     0  __rtentry2.o(.ARM.Collect$$rtentry$$00000002)
    __rt_entry_sh                            0x08000209   Thumb Code     0  __rtentry4.o(.ARM.Collect$$rtentry$$00000004)
    __rt_entry_li                            0x0800020f   Thumb Code     0  __rtentry2.o(.ARM.Collect$$rtentry$$0000000A)
    __rt_entry_postsh_1                      0x0800020f   Thumb Code     0  __rtentry2.o(.ARM.Collect$$rtentry$$00000009)
    __rt_entry_main                          0x08000213   Thumb Code     0  __rtentry2.o(.ARM.Collect$$rtentry$$0000000D)
    __rt_entry_postli_1                      0x08000213   Thumb Code     0  __rtentry2.o(.ARM.Collect$$rtentry$$0000000C)
    __rt_exit                                0x0800021b   Thumb Code     0  rtexit.o(.ARM.Collect$$rtexit$$00000000)
    __rt_exit_ls                             0x0800021d   Thumb Code     0  rtexit2.o(.ARM.Collect$$rtexit$$00000003)
    __rt_exit_prels_1                        0x0800021d   Thumb Code     0  rtexit2.o(.ARM.Collect$$rtexit$$00000002)
    __rt_exit_exit                           0x08000221   Thumb Code     0  rtexit2.o(.ARM.Collect$$rtexit$$00000004)
    Reset_Handler                            0x08000229   Thumb Code     8  startup_stm32l475xx.o(.text)
    ADC1_2_IRQHandler                        0x08000243   Thumb Code     0  startup_stm32l475xx.o(.text)
    ADC3_IRQHandler                          0x08000243   Thumb Code     0  startup_stm32l475xx.o(.text)
    CAN1_RX0_IRQHandler                      0x08000243   Thumb Code     0  startup_stm32l475xx.o(.text)
    CAN1_RX1_IRQHandler                      0x08000243   Thumb Code     0  startup_stm32l475xx.o(.text)
    CAN1_SCE_IRQHandler                      0x08000243   Thumb Code     0  startup_stm32l475xx.o(.text)
    CAN1_TX_IRQHandler                       0x08000243   Thumb Code     0  startup_stm32l475xx.o(.text)
    COMP_IRQHandler                          0x08000243   Thumb Code     0  startup_stm32l475xx.o(.text)
    DFSDM1_FLT0_IRQHandler                   0x08000243   Thumb Code     0  startup_stm32l475xx.o(.text)
    DFSDM1_FLT1_IRQHandler                   0x08000243   Thumb Code     0  startup_stm32l475xx.o(.text)
    DFSDM1_FLT2_IRQHandler                   0x08000243   Thumb Code     0  startup_stm32l475xx.o(.text)
    DFSDM1_FLT3_IRQHandler                   0x08000243   Thumb Code     0  startup_stm32l475xx.o(.text)
    DMA1_Channel1_IRQHandler                 0x08000243   Thumb Code     0  startup_stm32l475xx.o(.text)
    DMA1_Channel2_IRQHandler                 0x08000243   Thumb Code     0  startup_stm32l475xx.o(.text)
    DMA1_Channel3_IRQHandler                 0x08000243   Thumb Code     0  startup_stm32l475xx.o(.text)
    DMA1_Channel4_IRQHandler                 0x08000243   Thumb Code     0  startup_stm32l475xx.o(.text)
    DMA1_Channel5_IRQHandler                 0x08000243   Thumb Code     0  startup_stm32l475xx.o(.text)
    DMA1_Channel6_IRQHandler                 0x08000243   Thumb Code     0  startup_stm32l475xx.o(.text)
    DMA1_Channel7_IRQHandler                 0x08000243   Thumb Code     0  startup_stm32l475xx.o(.text)
    DMA2_Channel1_IRQHandler                 0x08000243   Thumb Code     0  startup_stm32l475xx.o(.text)
    DMA2_Channel2_IRQHandler                 0x08000243   Thumb Code     0  startup_stm32l475xx.o(.text)
    DMA2_Channel3_IRQHandler                 0x08000243   Thumb Code     0  startup_stm32l475xx.o(.text)
    DMA2_Channel4_IRQHandler                 0x08000243   Thumb Code     0  startup_stm32l475xx.o(.text)
    DMA2_Channel5_IRQHandler                 0x08000243   Thumb Code     0  startup_stm32l475xx.o(.text)
    DMA2_Channel6_IRQHandler                 0x08000243   Thumb Code     0  startup_stm32l475xx.o(.text)
    DMA2_Channel7_IRQHandler                 0x08000243   Thumb Code     0  startup_stm32l475xx.o(.text)
    EXTI0_IRQHandler                         0x08000243   Thumb Code     0  startup_stm32l475xx.o(.text)
    EXTI15_10_IRQHandler                     0x08000243   Thumb Code     0  startup_stm32l475xx.o(.text)
    EXTI1_IRQHandler                         0x08000243   Thumb Code     0  startup_stm32l475xx.o(.text)
    EXTI2_IRQHandler                         0x08000243   Thumb Code     0  startup_stm32l475xx.o(.text)
    EXTI3_IRQHandler                         0x08000243   Thumb Code     0  startup_stm32l475xx.o(.text)
    EXTI4_IRQHandler                         0x08000243   Thumb Code     0  startup_stm32l475xx.o(.text)
    FLASH_IRQHandler                         0x08000243   Thumb Code     0  startup_stm32l475xx.o(.text)
    FMC_IRQHandler                           0x08000243   Thumb Code     0  startup_stm32l475xx.o(.text)
    FPU_IRQHandler                           0x08000243   Thumb Code     0  startup_stm32l475xx.o(.text)
    I2C1_ER_IRQHandler                       0x08000243   Thumb Code     0  startup_stm32l475xx.o(.text)
    I2C1_EV_IRQHandler                       0x08000243   Thumb Code     0  startup_stm32l475xx.o(.text)
    I2C2_ER_IRQHandler                       0x08000243   Thumb Code     0  startup_stm32l475xx.o(.text)
    I2C2_EV_IRQHandler                       0x08000243   Thumb Code     0  startup_stm32l475xx.o(.text)
    I2C3_ER_IRQHandler                       0x08000243   Thumb Code     0  startup_stm32l475xx.o(.text)
    I2C3_EV_IRQHandler                       0x08000243   Thumb Code     0  startup_stm32l475xx.o(.text)
    LPTIM1_IRQHandler                        0x08000243   Thumb Code     0  startup_stm32l475xx.o(.text)
    LPTIM2_IRQHandler                        0x08000243   Thumb Code     0  startup_stm32l475xx.o(.text)
    LPUART1_IRQHandler                       0x08000243   Thumb Code     0  startup_stm32l475xx.o(.text)
    OTG_FS_IRQHandler                        0x08000243   Thumb Code     0  startup_stm32l475xx.o(.text)
    PVD_PVM_IRQHandler                       0x08000243   Thumb Code     0  startup_stm32l475xx.o(.text)
    QUADSPI_IRQHandler                       0x08000243   Thumb Code     0  startup_stm32l475xx.o(.text)
    RCC_IRQHandler                           0x08000243   Thumb Code     0  startup_stm32l475xx.o(.text)
    RNG_IRQHandler                           0x08000243   Thumb Code     0  startup_stm32l475xx.o(.text)
    RTC_Alarm_IRQHandler                     0x08000243   Thumb Code     0  startup_stm32l475xx.o(.text)
    RTC_WKUP_IRQHandler                      0x08000243   Thumb Code     0  startup_stm32l475xx.o(.text)
    SAI1_IRQHandler                          0x08000243   Thumb Code     0  startup_stm32l475xx.o(.text)
    SAI2_IRQHandler                          0x08000243   Thumb Code     0  startup_stm32l475xx.o(.text)
    SDMMC1_IRQHandler                        0x08000243   Thumb Code     0  startup_stm32l475xx.o(.text)
    SPI1_IRQHandler                          0x08000243   Thumb Code     0  startup_stm32l475xx.o(.text)
    SPI2_IRQHandler                          0x08000243   Thumb Code     0  startup_stm32l475xx.o(.text)
    SPI3_IRQHandler                          0x08000243   Thumb Code     0  startup_stm32l475xx.o(.text)
    SWPMI1_IRQHandler                        0x08000243   Thumb Code     0  startup_stm32l475xx.o(.text)
    TAMP_STAMP_IRQHandler                    0x08000243   Thumb Code     0  startup_stm32l475xx.o(.text)
    TIM1_BRK_TIM15_IRQHandler                0x08000243   Thumb Code     0  startup_stm32l475xx.o(.text)
    TIM1_CC_IRQHandler                       0x08000243   Thumb Code     0  startup_stm32l475xx.o(.text)
    TIM1_TRG_COM_TIM17_IRQHandler            0x08000243   Thumb Code     0  startup_stm32l475xx.o(.text)
    TIM2_IRQHandler                          0x08000243   Thumb Code     0  startup_stm32l475xx.o(.text)
    TIM4_IRQHandler                          0x08000243   Thumb Code     0  startup_stm32l475xx.o(.text)
    TIM5_IRQHandler                          0x08000243   Thumb Code     0  startup_stm32l475xx.o(.text)
    TIM6_DAC_IRQHandler                      0x08000243   Thumb Code     0  startup_stm32l475xx.o(.text)
    TIM7_IRQHandler                          0x08000243   Thumb Code     0  startup_stm32l475xx.o(.text)
    TIM8_BRK_IRQHandler                      0x08000243   Thumb Code     0  startup_stm32l475xx.o(.text)
    TIM8_CC_IRQHandler                       0x08000243   Thumb Code     0  startup_stm32l475xx.o(.text)
    TIM8_TRG_COM_IRQHandler                  0x08000243   Thumb Code     0  startup_stm32l475xx.o(.text)
    TIM8_UP_IRQHandler                       0x08000243   Thumb Code     0  startup_stm32l475xx.o(.text)
    TSC_IRQHandler                           0x08000243   Thumb Code     0  startup_stm32l475xx.o(.text)
    UART4_IRQHandler                         0x08000243   Thumb Code     0  startup_stm32l475xx.o(.text)
    UART5_IRQHandler                         0x08000243   Thumb Code     0  startup_stm32l475xx.o(.text)
    USART1_IRQHandler                        0x08000243   Thumb Code     0  startup_stm32l475xx.o(.text)
    USART2_IRQHandler                        0x08000243   Thumb Code     0  startup_stm32l475xx.o(.text)
    USART3_IRQHandler                        0x08000243   Thumb Code     0  startup_stm32l475xx.o(.text)
    WWDG_IRQHandler                          0x08000243   Thumb Code     0  startup_stm32l475xx.o(.text)
    __user_initial_stackheap                 0x08000245   Thumb Code     0  startup_stm32l475xx.o(.text)
    __aeabi_uldivmod                         0x08000269   Thumb Code     0  lludivv7m.o(.text)
    _ll_udiv                                 0x08000269   Thumb Code   240  lludivv7m.o(.text)
    strlen                                   0x08000359   Thumb Code    62  strlen.o(.text)
    __aeabi_memclr4                          0x08000397   Thumb Code     0  rt_memclr_w.o(.text)
    __aeabi_memclr8                          0x08000397   Thumb Code     0  rt_memclr_w.o(.text)
    __rt_memclr_w                            0x08000397   Thumb Code    78  rt_memclr_w.o(.text)
    _memset_w                                0x0800039b   Thumb Code     0  rt_memclr_w.o(.text)
    __use_two_region_memory                  0x080003e5   Thumb Code     2  heapauxi.o(.text)
    __rt_heap_escrow$2region                 0x080003e7   Thumb Code     2  heapauxi.o(.text)
    __rt_heap_expand$2region                 0x080003e9   Thumb Code     2  heapauxi.o(.text)
    __user_setup_stackheap                   0x080003eb   Thumb Code    74  sys_stackheap_outer.o(.text)
    exit                                     0x08000435   Thumb Code    18  exit.o(.text)
    __user_libspace                          0x08000449   Thumb Code     8  libspace.o(.text)
    __user_perproc_libspace                  0x08000449   Thumb Code     0  libspace.o(.text)
    __user_perthread_libspace                0x08000449   Thumb Code     0  libspace.o(.text)
    _sys_exit                                0x08000451   Thumb Code     8  sys_exit.o(.text)
    __I$use$semihosting                      0x0800045d   Thumb Code     0  use_no_semi.o(.text)
    __use_no_semihosting_swi                 0x0800045d   Thumb Code     2  use_no_semi.o(.text)
    __semihosting_library_function           0x0800045f   Thumb Code     0  indicate_semi.o(.text)
    BEEP_Init                                0x08000461   Thumb Code    98  beep.o(.text.BEEP_Init)
    BusFault_Handler                         0x080004c5   Thumb Code     2  stm32l4xx_it.o(.text.BusFault_Handler)
    DebugMon_Handler                         0x080004c9   Thumb Code     2  stm32l4xx_it.o(.text.DebugMon_Handler)
    EXTI9_5_IRQHandler                       0x080004cd   Thumb Code    12  stm32l4xx_it.o(.text.EXTI9_5_IRQHandler)
    Error_Handler                            0x080004d9   Thumb Code     2  main.o(.text.Error_Handler)
    HAL_Delay                                0x080004dd   Thumb Code    40  stm32l4xx_hal.o(.text.HAL_Delay)
    HAL_GPIO_EXTI_Callback                   0x08000505   Thumb Code    44  main.o(.text.HAL_GPIO_EXTI_Callback)
    HAL_GPIO_EXTI_IRQHandler                 0x08000531   Thumb Code    26  stm32l4xx_hal_gpio.o(.text.HAL_GPIO_EXTI_IRQHandler)
    HAL_GPIO_Init                            0x0800054d   Thumb Code   442  stm32l4xx_hal_gpio.o(.text.HAL_GPIO_Init)
    HAL_GPIO_ReadPin                         0x0800070d   Thumb Code    10  stm32l4xx_hal_gpio.o(.text.HAL_GPIO_ReadPin)
    HAL_GPIO_TogglePin                       0x08000719   Thumb Code    16  stm32l4xx_hal_gpio.o(.text.HAL_GPIO_TogglePin)
    HAL_GPIO_WritePin                        0x08000729   Thumb Code    12  stm32l4xx_hal_gpio.o(.text.HAL_GPIO_WritePin)
    HAL_GetTick                              0x08000735   Thumb Code    12  stm32l4xx_hal.o(.text.HAL_GetTick)
    HAL_IncTick                              0x08000741   Thumb Code    26  stm32l4xx_hal.o(.text.HAL_IncTick)
    HAL_Init                                 0x0800075d   Thumb Code    30  stm32l4xx_hal.o(.text.HAL_Init)
    HAL_InitTick                             0x0800077d   Thumb Code    86  stm32l4xx_hal.o(.text.HAL_InitTick)
    HAL_MspInit                              0x080007d5   Thumb Code    58  stm32l4xx_hal_msp.o(.text.HAL_MspInit)
    HAL_NVIC_EnableIRQ                       0x08000811   Thumb Code     8  stm32l4xx_hal_cortex.o(.text.HAL_NVIC_EnableIRQ)
    HAL_NVIC_SetPriority                     0x08000819   Thumb Code    30  stm32l4xx_hal_cortex.o(.text.HAL_NVIC_SetPriority)
    HAL_NVIC_SetPriorityGrouping             0x08000839   Thumb Code     8  stm32l4xx_hal_cortex.o(.text.HAL_NVIC_SetPriorityGrouping)
    HAL_PWREx_ControlVoltageScaling          0x08000841   Thumb Code   118  stm32l4xx_hal_pwr_ex.o(.text.HAL_PWREx_ControlVoltageScaling)
    HAL_PWREx_GetVoltageRange                0x080008b9   Thumb Code    16  stm32l4xx_hal_pwr_ex.o(.text.HAL_PWREx_GetVoltageRange)
    HAL_RCCEx_PeriphCLKConfig                0x080008c9   Thumb Code   964  stm32l4xx_hal_rcc_ex.o(.text.HAL_RCCEx_PeriphCLKConfig)
    HAL_RCC_ClockConfig                      0x08000c8d   Thumb Code   350  stm32l4xx_hal_rcc.o(.text.HAL_RCC_ClockConfig)
    HAL_RCC_GetHCLKFreq                      0x08000ded   Thumb Code    12  stm32l4xx_hal_rcc.o(.text.HAL_RCC_GetHCLKFreq)
    HAL_RCC_GetPCLK1Freq                     0x08000df9   Thumb Code    38  stm32l4xx_hal_rcc.o(.text.HAL_RCC_GetPCLK1Freq)
    HAL_RCC_GetPCLK2Freq                     0x08000e21   Thumb Code    38  stm32l4xx_hal_rcc.o(.text.HAL_RCC_GetPCLK2Freq)
    HAL_RCC_GetSysClockFreq                  0x08000e49   Thumb Code   192  stm32l4xx_hal_rcc.o(.text.HAL_RCC_GetSysClockFreq)
    HAL_RCC_OscConfig                        0x08000f09   Thumb Code  1434  stm32l4xx_hal_rcc.o(.text.HAL_RCC_OscConfig)
    HAL_SPI_Init                             0x080014a5   Thumb Code   218  stm32l4xx_hal_spi.o(.text.HAL_SPI_Init)
    HAL_SPI_MspInit                          0x08001581   Thumb Code   172  spi.o(.text.HAL_SPI_MspInit)
    HAL_SPI_Transmit                         0x0800162d   Thumb Code   438  stm32l4xx_hal_spi.o(.text.HAL_SPI_Transmit)
    HAL_SYSTICK_Config                       0x080017e5   Thumb Code     8  stm32l4xx_hal_cortex.o(.text.HAL_SYSTICK_Config)
    HAL_TIMEx_Break2Callback                 0x080017ed   Thumb Code     2  stm32l4xx_hal_tim_ex.o(.text.HAL_TIMEx_Break2Callback)
    HAL_TIMEx_BreakCallback                  0x080017f1   Thumb Code     2  stm32l4xx_hal_tim_ex.o(.text.HAL_TIMEx_BreakCallback)
    HAL_TIMEx_CommutCallback                 0x080017f5   Thumb Code     2  stm32l4xx_hal_tim_ex.o(.text.HAL_TIMEx_CommutCallback)
    HAL_TIMEx_MasterConfigSynchronization    0x080017f9   Thumb Code   194  stm32l4xx_hal_tim_ex.o(.text.HAL_TIMEx_MasterConfigSynchronization)
    HAL_TIM_Base_Init                        0x080018bd   Thumb Code    98  stm32l4xx_hal_tim.o(.text.HAL_TIM_Base_Init)
    HAL_TIM_Base_MspInit                     0x08001921   Thumb Code   158  tim.o(.text.HAL_TIM_Base_MspInit)
    HAL_TIM_Base_Start_IT                    0x080019c1   Thumb Code   176  stm32l4xx_hal_tim.o(.text.HAL_TIM_Base_Start_IT)
    HAL_TIM_ConfigClockSource                0x08001a71   Thumb Code   210  stm32l4xx_hal_tim.o(.text.HAL_TIM_ConfigClockSource)
    HAL_TIM_IC_CaptureCallback               0x08001b45   Thumb Code     2  stm32l4xx_hal_tim.o(.text.HAL_TIM_IC_CaptureCallback)
    HAL_TIM_IRQHandler                       0x08001b49   Thumb Code   392  stm32l4xx_hal_tim.o(.text.HAL_TIM_IRQHandler)
    HAL_TIM_MspPostInit                      0x08001cd1   Thumb Code    82  tim.o(.text.HAL_TIM_MspPostInit)
    HAL_TIM_OC_DelayElapsedCallback          0x08001d25   Thumb Code     2  stm32l4xx_hal_tim.o(.text.HAL_TIM_OC_DelayElapsedCallback)
    HAL_TIM_PWM_ConfigChannel                0x08001d29   Thumb Code   184  stm32l4xx_hal_tim.o(.text.HAL_TIM_PWM_ConfigChannel)
    HAL_TIM_PWM_Init                         0x08001de1   Thumb Code    98  stm32l4xx_hal_tim.o(.text.HAL_TIM_PWM_Init)
    HAL_TIM_PWM_MspInit                      0x08001e45   Thumb Code     2  stm32l4xx_hal_tim.o(.text.HAL_TIM_PWM_MspInit)
    HAL_TIM_PWM_PulseFinishedCallback        0x08001e49   Thumb Code     2  stm32l4xx_hal_tim.o(.text.HAL_TIM_PWM_PulseFinishedCallback)
    HAL_TIM_PWM_Start                        0x08001e4d   Thumb Code   430  stm32l4xx_hal_tim.o(.text.HAL_TIM_PWM_Start)
    HAL_TIM_PeriodElapsedCallback            0x08001ffd   Thumb Code   100  main.o(.text.HAL_TIM_PeriodElapsedCallback)
    HAL_TIM_TriggerCallback                  0x08002061   Thumb Code     2  stm32l4xx_hal_tim.o(.text.HAL_TIM_TriggerCallback)
    HAL_UART_Init                            0x08002065   Thumb Code    94  stm32l4xx_hal_uart.o(.text.HAL_UART_Init)
    HAL_UART_MspInit                         0x080020c5   Thumb Code   112  usart.o(.text.HAL_UART_MspInit)
    HAL_UART_Transmit                        0x08002135   Thumb Code   212  stm32l4xx_hal_uart.o(.text.HAL_UART_Transmit)
    HardFault_Handler                        0x08002209   Thumb Code     2  stm32l4xx_it.o(.text.HardFault_Handler)
    LCD_Address_Set                          0x0800220d   Thumb Code    82  lcd.o(.text.LCD_Address_Set)
    LCD_Clear                                0x08002261   Thumb Code    96  lcd.o(.text.LCD_Clear)
    LCD_GPIO_init                            0x080022c1   Thumb Code   188  lcd.o(.text.LCD_GPIO_init)
    LCD_Init                                 0x0800237d   Thumb Code   416  lcd.o(.text.LCD_Init)
    LCD_Show_Image                           0x08002525   Thumb Code    66  lcd.o(.text.LCD_Show_Image)
    LED_color                                0x080025b9   Thumb Code   134  led.o(.text.LED_color)
    LED_init                                 0x08002641   Thumb Code   122  led.o(.text.LED_init)
    MX_GPIO_Init                             0x080026bd   Thumb Code   188  gpio.o(.text.MX_GPIO_Init)
    MX_SPI3_Init                             0x08002779   Thumb Code    76  spi.o(.text.MX_SPI3_Init)
    MX_TIM1_Init                             0x080027c5   Thumb Code   132  tim.o(.text.MX_TIM1_Init)
    MX_TIM2_Init                             0x08002849   Thumb Code   210  tim.o(.text.MX_TIM2_Init)
    MX_TIM3_Init                             0x0800291d   Thumb Code   128  tim.o(.text.MX_TIM3_Init)
    MX_USART1_UART_Init                      0x0800299d   Thumb Code    60  usart.o(.text.MX_USART1_UART_Init)
    MemManage_Handler                        0x080029d9   Thumb Code     2  stm32l4xx_it.o(.text.MemManage_Handler)
    NMI_Handler                              0x080029dd   Thumb Code     2  stm32l4xx_it.o(.text.NMI_Handler)
    PendSV_Handler                           0x08002a0d   Thumb Code     2  stm32l4xx_it.o(.text.PendSV_Handler)
    SPI3_WriteByte                           0x08002d4d   Thumb Code    24  spi.o(.text.SPI3_WriteByte)
    SVC_Handler                              0x08002f31   Thumb Code     2  stm32l4xx_it.o(.text.SVC_Handler)
    SysTick_Handler                          0x08002f65   Thumb Code     8  stm32l4xx_it.o(.text.SysTick_Handler)
    SystemClock_Config                       0x08002f6d   Thumb Code   118  main.o(.text.SystemClock_Config)
    SystemInit                               0x08002fe5   Thumb Code    82  system_stm32l4xx.o(.text.SystemInit)
    TIM1_UP_TIM16_IRQHandler                 0x08003039   Thumb Code    16  stm32l4xx_it.o(.text.TIM1_UP_TIM16_IRQHandler)
    TIM3_IRQHandler                          0x08003049   Thumb Code    16  stm32l4xx_it.o(.text.TIM3_IRQHandler)
    TIM_Base_SetConfig                       0x08003059   Thumb Code   290  stm32l4xx_hal_tim.o(.text.TIM_Base_SetConfig)
    TIM_CCxChannelCmd                        0x0800317d   Thumb Code    36  stm32l4xx_hal_tim.o(.text.TIM_CCxChannelCmd)
    TIM_ETR_SetConfig                        0x080031a1   Thumb Code    22  stm32l4xx_hal_tim.o(.text.TIM_ETR_SetConfig)
    TIM_OC2_SetConfig                        0x08003249   Thumb Code   142  stm32l4xx_hal_tim.o(.text.TIM_OC2_SetConfig)
    UART_AdvFeatureConfig                    0x080034d1   Thumb Code   230  stm32l4xx_hal_uart.o(.text.UART_AdvFeatureConfig)
    UART_CheckIdleState                      0x080035b9   Thumb Code   102  stm32l4xx_hal_uart.o(.text.UART_CheckIdleState)
    UART_SetConfig                           0x08003621   Thumb Code   616  stm32l4xx_hal_uart.o(.text.UART_SetConfig)
    UART_WaitOnFlagUntilTimeout              0x08003889   Thumb Code   174  stm32l4xx_hal_uart.o(.text.UART_WaitOnFlagUntilTimeout)
    UsageFault_Handler                       0x08003939   Thumb Code     2  stm32l4xx_it.o(.text.UsageFault_Handler)
    main                                     0x080039b1   Thumb Code   312  main.o(.text.main)
    my_printf                                0x08003ae9   Thumb Code    28  main.o(.text.my_printf)
    _fp_init                                 0x08003b05   Thumb Code    26  fpinit.o(x$fpl$fpinit)
    __fplib_config_fpu_vfp                   0x08003b1d   Thumb Code     0  fpinit.o(x$fpl$fpinit)
    __fplib_config_pureend_doubles           0x08003b1d   Thumb Code     0  fpinit.o(x$fpl$fpinit)
    AHBPrescTable                            0x08003b1e   Data          16  system_stm32l4xx.o(.rodata.AHBPrescTable)
    APBPrescTable                            0x08003b2e   Data           8  system_stm32l4xx.o(.rodata.APBPrescTable)
    MSIRangeTable                            0x08003b38   Data          48  system_stm32l4xx.o(.rodata.MSIRangeTable)
    gImage_h                                 0x08003b68   Data       76320  main.o(.rodata.gImage_h)
    Region$$Table$$Base                      0x08016588   Number         0  anon$$obj.o(Region$$Table)
    Region$$Table$$Limit                     0x080165a8   Number         0  anon$$obj.o(Region$$Table)
    SystemCoreClock                          0x20000000   Data           4  system_stm32l4xx.o(.data.SystemCoreClock)
    uwTickFreq                               0x20000004   Data           1  stm32l4xx_hal.o(.data.uwTickFreq)
    uwTickPrio                               0x20000008   Data           4  stm32l4xx_hal.o(.data.uwTickPrio)
    __libspace_start                         0x20000010   Data          96  libspace.o(.bss)
    __temporary_stack_top$libspace           0x20000070   Data           0  libspace.o(.bss)
    hspi3                                    0x20000070   Data         100  spi.o(.bss.hspi3)
    htim1                                    0x200000d4   Data          76  tim.o(.bss.htim1)
    htim2                                    0x20000120   Data          76  tim.o(.bss.htim2)
    htim3                                    0x2000016c   Data          76  tim.o(.bss.htim3)
    huart1                                   0x200001b8   Data         128  usart.o(.bss.huart1)
    uwTick                                   0x200006b8   Data           4  stm32l4xx_hal.o(.bss.uwTick)



==============================================================================

Memory Map of the image

  Image Entry point : 0x08000189

  Load Region LR_IROM1 (Base: 0x08000000, Size: 0x000165b8, Max: 0x00080000, ABSOLUTE)

    Execution Region ER_IROM1 (Exec base: 0x08000000, Load base: 0x08000000, Size: 0x000165a8, Max: 0x00080000, ABSOLUTE)

    Exec Addr    Load Addr    Size         Type   Attr      Idx    E Section Name        Object

    0x08000000   0x08000000   0x00000188   Data   RO            3    RESET               startup_stm32l475xx.o
    0x08000188   0x08000188   0x00000008   Code   RO         1626  * !!!main             c_w.l(__main.o)
    0x08000190   0x08000190   0x00000034   Code   RO         1799    !!!scatter          c_w.l(__scatter.o)
    0x080001c4   0x080001c4   0x0000001a   Code   RO         1801    !!handler_copy      c_w.l(__scatter_copy.o)
    0x080001de   0x080001de   0x00000002   PAD
    0x080001e0   0x080001e0   0x0000001c   Code   RO         1803    !!handler_zi        c_w.l(__scatter_zi.o)
    0x080001fc   0x080001fc   0x00000002   Code   RO         1663    .ARM.Collect$$libinit$$00000000  c_w.l(libinit.o)
    0x080001fe   0x080001fe   0x00000004   Code   RO         1675    .ARM.Collect$$libinit$$00000001  c_w.l(libinit2.o)
    0x08000202   0x08000202   0x00000000   Code   RO         1678    .ARM.Collect$$libinit$$00000004  c_w.l(libinit2.o)
    0x08000202   0x08000202   0x00000000   Code   RO         1681    .ARM.Collect$$libinit$$0000000A  c_w.l(libinit2.o)
    0x08000202   0x08000202   0x00000000   Code   RO         1683    .ARM.Collect$$libinit$$0000000C  c_w.l(libinit2.o)
    0x08000202   0x08000202   0x00000000   Code   RO         1685    .ARM.Collect$$libinit$$0000000E  c_w.l(libinit2.o)
    0x08000202   0x08000202   0x00000000   Code   RO         1688    .ARM.Collect$$libinit$$00000011  c_w.l(libinit2.o)
    0x08000202   0x08000202   0x00000000   Code   RO         1690    .ARM.Collect$$libinit$$00000013  c_w.l(libinit2.o)
    0x08000202   0x08000202   0x00000000   Code   RO         1692    .ARM.Collect$$libinit$$00000015  c_w.l(libinit2.o)
    0x08000202   0x08000202   0x00000000   Code   RO         1694    .ARM.Collect$$libinit$$00000017  c_w.l(libinit2.o)
    0x08000202   0x08000202   0x00000000   Code   RO         1696    .ARM.Collect$$libinit$$00000019  c_w.l(libinit2.o)
    0x08000202   0x08000202   0x00000000   Code   RO         1698    .ARM.Collect$$libinit$$0000001B  c_w.l(libinit2.o)
    0x08000202   0x08000202   0x00000000   Code   RO         1700    .ARM.Collect$$libinit$$0000001D  c_w.l(libinit2.o)
    0x08000202   0x08000202   0x00000000   Code   RO         1702    .ARM.Collect$$libinit$$0000001F  c_w.l(libinit2.o)
    0x08000202   0x08000202   0x00000000   Code   RO         1704    .ARM.Collect$$libinit$$00000021  c_w.l(libinit2.o)
    0x08000202   0x08000202   0x00000000   Code   RO         1706    .ARM.Collect$$libinit$$00000023  c_w.l(libinit2.o)
    0x08000202   0x08000202   0x00000000   Code   RO         1708    .ARM.Collect$$libinit$$00000025  c_w.l(libinit2.o)
    0x08000202   0x08000202   0x00000000   Code   RO         1712    .ARM.Collect$$libinit$$0000002C  c_w.l(libinit2.o)
    0x08000202   0x08000202   0x00000000   Code   RO         1714    .ARM.Collect$$libinit$$0000002E  c_w.l(libinit2.o)
    0x08000202   0x08000202   0x00000000   Code   RO         1716    .ARM.Collect$$libinit$$00000030  c_w.l(libinit2.o)
    0x08000202   0x08000202   0x00000000   Code   RO         1718    .ARM.Collect$$libinit$$00000032  c_w.l(libinit2.o)
    0x08000202   0x08000202   0x00000002   Code   RO         1719    .ARM.Collect$$libinit$$00000033  c_w.l(libinit2.o)
    0x08000204   0x08000204   0x00000002   Code   RO         1754    .ARM.Collect$$libshutdown$$00000000  c_w.l(libshutdown.o)
    0x08000206   0x08000206   0x00000000   Code   RO         1782    .ARM.Collect$$libshutdown$$00000002  c_w.l(libshutdown2.o)
    0x08000206   0x08000206   0x00000000   Code   RO         1784    .ARM.Collect$$libshutdown$$00000004  c_w.l(libshutdown2.o)
    0x08000206   0x08000206   0x00000000   Code   RO         1787    .ARM.Collect$$libshutdown$$00000007  c_w.l(libshutdown2.o)
    0x08000206   0x08000206   0x00000000   Code   RO         1790    .ARM.Collect$$libshutdown$$0000000A  c_w.l(libshutdown2.o)
    0x08000206   0x08000206   0x00000000   Code   RO         1792    .ARM.Collect$$libshutdown$$0000000C  c_w.l(libshutdown2.o)
    0x08000206   0x08000206   0x00000000   Code   RO         1795    .ARM.Collect$$libshutdown$$0000000F  c_w.l(libshutdown2.o)
    0x08000206   0x08000206   0x00000002   Code   RO         1796    .ARM.Collect$$libshutdown$$00000010  c_w.l(libshutdown2.o)
    0x08000208   0x08000208   0x00000000   Code   RO         1628    .ARM.Collect$$rtentry$$00000000  c_w.l(__rtentry.o)
    0x08000208   0x08000208   0x00000000   Code   RO         1634    .ARM.Collect$$rtentry$$00000002  c_w.l(__rtentry2.o)
    0x08000208   0x08000208   0x00000006   Code   RO         1646    .ARM.Collect$$rtentry$$00000004  c_w.l(__rtentry4.o)
    0x0800020e   0x0800020e   0x00000000   Code   RO         1636    .ARM.Collect$$rtentry$$00000009  c_w.l(__rtentry2.o)
    0x0800020e   0x0800020e   0x00000004   Code   RO         1637    .ARM.Collect$$rtentry$$0000000A  c_w.l(__rtentry2.o)
    0x08000212   0x08000212   0x00000000   Code   RO         1639    .ARM.Collect$$rtentry$$0000000C  c_w.l(__rtentry2.o)
    0x08000212   0x08000212   0x00000008   Code   RO         1640    .ARM.Collect$$rtentry$$0000000D  c_w.l(__rtentry2.o)
    0x0800021a   0x0800021a   0x00000002   Code   RO         1667    .ARM.Collect$$rtexit$$00000000  c_w.l(rtexit.o)
    0x0800021c   0x0800021c   0x00000000   Code   RO         1725    .ARM.Collect$$rtexit$$00000002  c_w.l(rtexit2.o)
    0x0800021c   0x0800021c   0x00000004   Code   RO         1726    .ARM.Collect$$rtexit$$00000003  c_w.l(rtexit2.o)
    0x08000220   0x08000220   0x00000006   Code   RO         1727    .ARM.Collect$$rtexit$$00000004  c_w.l(rtexit2.o)
    0x08000226   0x08000226   0x00000002   PAD
    0x08000228   0x08000228   0x00000040   Code   RO            4    .text               startup_stm32l475xx.o
    0x08000268   0x08000268   0x000000f0   Code   RO         1618    .text               c_w.l(lludivv7m.o)
    0x08000358   0x08000358   0x0000003e   Code   RO         1620    .text               c_w.l(strlen.o)
    0x08000396   0x08000396   0x0000004e   Code   RO         1622    .text               c_w.l(rt_memclr_w.o)
    0x080003e4   0x080003e4   0x00000006   Code   RO         1624    .text               c_w.l(heapauxi.o)
    0x080003ea   0x080003ea   0x0000004a   Code   RO         1650    .text               c_w.l(sys_stackheap_outer.o)
    0x08000434   0x08000434   0x00000012   Code   RO         1652    .text               c_w.l(exit.o)
    0x08000446   0x08000446   0x00000002   PAD
    0x08000448   0x08000448   0x00000008   Code   RO         1664    .text               c_w.l(libspace.o)
    0x08000450   0x08000450   0x0000000c   Code   RO         1720    .text               c_w.l(sys_exit.o)
    0x0800045c   0x0800045c   0x00000002   Code   RO         1743    .text               c_w.l(use_no_semi.o)
    0x0800045e   0x0800045e   0x00000000   Code   RO         1745    .text               c_w.l(indicate_semi.o)
    0x0800045e   0x0800045e   0x00000002   PAD
    0x08000460   0x08000460   0x00000062   Code   RO         1525    .text.BEEP_Init     beep.o
    0x080004c2   0x080004c2   0x00000002   PAD
    0x080004c4   0x080004c4   0x00000002   Code   RO          103    .text.BusFault_Handler  stm32l4xx_it.o
    0x080004c6   0x080004c6   0x00000002   PAD
    0x080004c8   0x080004c8   0x00000002   Code   RO          109    .text.DebugMon_Handler  stm32l4xx_it.o
    0x080004ca   0x080004ca   0x00000002   PAD
    0x080004cc   0x080004cc   0x0000000c   Code   RO          115    .text.EXTI9_5_IRQHandler  stm32l4xx_it.o
    0x080004d8   0x080004d8   0x00000002   Code   RO           17    .text.Error_Handler  main.o
    0x080004da   0x080004da   0x00000002   PAD
    0x080004dc   0x080004dc   0x00000028   Code   RO          285    .text.HAL_Delay     stm32l4xx_hal.o
    0x08000504   0x08000504   0x0000002c   Code   RO           19    .text.HAL_GPIO_EXTI_Callback  main.o
    0x08000530   0x08000530   0x0000001a   Code   RO          716    .text.HAL_GPIO_EXTI_IRQHandler  stm32l4xx_hal_gpio.o
    0x0800054a   0x0800054a   0x00000002   PAD
    0x0800054c   0x0800054c   0x000001c0   Code   RO          704    .text.HAL_GPIO_Init  stm32l4xx_hal_gpio.o
    0x0800070c   0x0800070c   0x0000000a   Code   RO          708    .text.HAL_GPIO_ReadPin  stm32l4xx_hal_gpio.o
    0x08000716   0x08000716   0x00000002   PAD
    0x08000718   0x08000718   0x00000010   Code   RO          712    .text.HAL_GPIO_TogglePin  stm32l4xx_hal_gpio.o
    0x08000728   0x08000728   0x0000000c   Code   RO          710    .text.HAL_GPIO_WritePin  stm32l4xx_hal_gpio.o
    0x08000734   0x08000734   0x0000000c   Code   RO          277    .text.HAL_GetTick   stm32l4xx_hal.o
    0x08000740   0x08000740   0x0000001a   Code   RO          275    .text.HAL_IncTick   stm32l4xx_hal.o
    0x0800075a   0x0800075a   0x00000002   PAD
    0x0800075c   0x0800075c   0x0000001e   Code   RO          265    .text.HAL_Init      stm32l4xx_hal.o
    0x0800077a   0x0800077a   0x00000002   PAD
    0x0800077c   0x0800077c   0x00000056   Code   RO          267    .text.HAL_InitTick  stm32l4xx_hal.o
    0x080007d2   0x080007d2   0x00000002   PAD
    0x080007d4   0x080007d4   0x0000003a   Code   RO          128    .text.HAL_MspInit   stm32l4xx_hal_msp.o
    0x0800080e   0x0800080e   0x00000002   PAD
    0x08000810   0x08000810   0x00000008   Code   RO          901    .text.HAL_NVIC_EnableIRQ  stm32l4xx_hal_cortex.o
    0x08000818   0x08000818   0x0000001e   Code   RO          893    .text.HAL_NVIC_SetPriority  stm32l4xx_hal_cortex.o
    0x08000836   0x08000836   0x00000002   PAD
    0x08000838   0x08000838   0x00000008   Code   RO          889    .text.HAL_NVIC_SetPriorityGrouping  stm32l4xx_hal_cortex.o
    0x08000840   0x08000840   0x00000076   Code   RO          805    .text.HAL_PWREx_ControlVoltageScaling  stm32l4xx_hal_pwr_ex.o
    0x080008b6   0x080008b6   0x00000002   PAD
    0x080008b8   0x080008b8   0x00000010   Code   RO          803    .text.HAL_PWREx_GetVoltageRange  stm32l4xx_hal_pwr_ex.o
    0x080008c8   0x080008c8   0x000003c4   Code   RO          568    .text.HAL_RCCEx_PeriphCLKConfig  stm32l4xx_hal_rcc_ex.o
    0x08000c8c   0x08000c8c   0x0000015e   Code   RO          540    .text.HAL_RCC_ClockConfig  stm32l4xx_hal_rcc.o
    0x08000dea   0x08000dea   0x00000002   PAD
    0x08000dec   0x08000dec   0x0000000c   Code   RO          544    .text.HAL_RCC_GetHCLKFreq  stm32l4xx_hal_rcc.o
    0x08000df8   0x08000df8   0x00000026   Code   RO          546    .text.HAL_RCC_GetPCLK1Freq  stm32l4xx_hal_rcc.o
    0x08000e1e   0x08000e1e   0x00000002   PAD
    0x08000e20   0x08000e20   0x00000026   Code   RO          548    .text.HAL_RCC_GetPCLK2Freq  stm32l4xx_hal_rcc.o
    0x08000e46   0x08000e46   0x00000002   PAD
    0x08000e48   0x08000e48   0x000000c0   Code   RO          538    .text.HAL_RCC_GetSysClockFreq  stm32l4xx_hal_rcc.o
    0x08000f08   0x08000f08   0x0000059a   Code   RO          534    .text.HAL_RCC_OscConfig  stm32l4xx_hal_rcc.o
    0x080014a2   0x080014a2   0x00000002   PAD
    0x080014a4   0x080014a4   0x000000da   Code   RO          136    .text.HAL_SPI_Init  stm32l4xx_hal_spi.o
    0x0800157e   0x0800157e   0x00000002   PAD
    0x08001580   0x08001580   0x000000ac   Code   RO           44    .text.HAL_SPI_MspInit  spi.o
    0x0800162c   0x0800162c   0x000001b6   Code   RO          144    .text.HAL_SPI_Transmit  stm32l4xx_hal_spi.o
    0x080017e2   0x080017e2   0x00000002   PAD
    0x080017e4   0x080017e4   0x00000008   Code   RO          913    .text.HAL_SYSTICK_Config  stm32l4xx_hal_cortex.o
    0x080017ec   0x080017ec   0x00000002   Code   RO         1321    .text.HAL_TIMEx_Break2Callback  stm32l4xx_hal_tim_ex.o
    0x080017ee   0x080017ee   0x00000002   PAD
    0x080017f0   0x080017f0   0x00000002   Code   RO         1319    .text.HAL_TIMEx_BreakCallback  stm32l4xx_hal_tim_ex.o
    0x080017f2   0x080017f2   0x00000002   PAD
    0x080017f4   0x080017f4   0x00000002   Code   RO         1315    .text.HAL_TIMEx_CommutCallback  stm32l4xx_hal_tim_ex.o
    0x080017f6   0x080017f6   0x00000002   PAD
    0x080017f8   0x080017f8   0x000000c2   Code   RO         1305    .text.HAL_TIMEx_MasterConfigSynchronization  stm32l4xx_hal_tim_ex.o
    0x080018ba   0x080018ba   0x00000002   PAD
    0x080018bc   0x080018bc   0x00000062   Code   RO          987    .text.HAL_TIM_Base_Init  stm32l4xx_hal_tim.o
    0x0800191e   0x0800191e   0x00000002   PAD
    0x08001920   0x08001920   0x0000009e   Code   RO           67    .text.HAL_TIM_Base_MspInit  tim.o
    0x080019be   0x080019be   0x00000002   PAD
    0x080019c0   0x080019c0   0x000000b0   Code   RO         1001    .text.HAL_TIM_Base_Start_IT  stm32l4xx_hal_tim.o
    0x08001a70   0x08001a70   0x000000d2   Code   RO         1183    .text.HAL_TIM_ConfigClockSource  stm32l4xx_hal_tim.o
    0x08001b42   0x08001b42   0x00000002   PAD
    0x08001b44   0x08001b44   0x00000002   Code   RO         1123    .text.HAL_TIM_IC_CaptureCallback  stm32l4xx_hal_tim.o
    0x08001b46   0x08001b46   0x00000002   PAD
    0x08001b48   0x08001b48   0x00000188   Code   RO         1121    .text.HAL_TIM_IRQHandler  stm32l4xx_hal_tim.o
    0x08001cd0   0x08001cd0   0x00000052   Code   RO           63    .text.HAL_TIM_MspPostInit  tim.o
    0x08001d22   0x08001d22   0x00000002   PAD
    0x08001d24   0x08001d24   0x00000002   Code   RO         1125    .text.HAL_TIM_OC_DelayElapsedCallback  stm32l4xx_hal_tim.o
    0x08001d26   0x08001d26   0x00000002   PAD
    0x08001d28   0x08001d28   0x000000b8   Code   RO         1157    .text.HAL_TIM_PWM_ConfigChannel  stm32l4xx_hal_tim.o
    0x08001de0   0x08001de0   0x00000062   Code   RO         1041    .text.HAL_TIM_PWM_Init  stm32l4xx_hal_tim.o
    0x08001e42   0x08001e42   0x00000002   PAD
    0x08001e44   0x08001e44   0x00000002   Code   RO         1043    .text.HAL_TIM_PWM_MspInit  stm32l4xx_hal_tim.o
    0x08001e46   0x08001e46   0x00000002   PAD
    0x08001e48   0x08001e48   0x00000002   Code   RO         1127    .text.HAL_TIM_PWM_PulseFinishedCallback  stm32l4xx_hal_tim.o
    0x08001e4a   0x08001e4a   0x00000002   PAD
    0x08001e4c   0x08001e4c   0x000001ae   Code   RO         1049    .text.HAL_TIM_PWM_Start  stm32l4xx_hal_tim.o
    0x08001ffa   0x08001ffa   0x00000002   PAD
    0x08001ffc   0x08001ffc   0x00000064   Code   RO           21    .text.HAL_TIM_PeriodElapsedCallback  main.o
    0x08002060   0x08002060   0x00000002   Code   RO         1131    .text.HAL_TIM_TriggerCallback  stm32l4xx_hal_tim.o
    0x08002062   0x08002062   0x00000002   PAD
    0x08002064   0x08002064   0x0000005e   Code   RO         1335    .text.HAL_UART_Init  stm32l4xx_hal_uart.o
    0x080020c2   0x080020c2   0x00000002   PAD
    0x080020c4   0x080020c4   0x00000070   Code   RO           84    .text.HAL_UART_MspInit  usart.o
    0x08002134   0x08002134   0x000000d4   Code   RO         1355    .text.HAL_UART_Transmit  stm32l4xx_hal_uart.o
    0x08002208   0x08002208   0x00000002   Code   RO           99    .text.HardFault_Handler  stm32l4xx_it.o
    0x0800220a   0x0800220a   0x00000002   PAD
    0x0800220c   0x0800220c   0x00000052   Code   RO         1561    .text.LCD_Address_Set  lcd.o
    0x0800225e   0x0800225e   0x00000002   PAD
    0x08002260   0x08002260   0x00000060   Code   RO         1571    .text.LCD_Clear     lcd.o
    0x080022c0   0x080022c0   0x000000bc   Code   RO         1555    .text.LCD_GPIO_init  lcd.o
    0x0800237c   0x0800237c   0x000001a0   Code   RO         1599    .text.LCD_Init      lcd.o
    0x0800251c   0x0800251c   0x00000008   Code   RO         1559    .text.LCD_SPI_Send  lcd.o
    0x08002524   0x08002524   0x00000042   Code   RO         1595    .text.LCD_Show_Image  lcd.o
    0x08002566   0x08002566   0x00000002   PAD
    0x08002568   0x08002568   0x00000026   Code   RO         1563    .text.LCD_Write_Cmd  lcd.o
    0x0800258e   0x0800258e   0x00000002   PAD
    0x08002590   0x08002590   0x00000026   Code   RO         1565    .text.LCD_Write_Data  lcd.o
    0x080025b6   0x080025b6   0x00000002   PAD
    0x080025b8   0x080025b8   0x00000086   Code   RO         1515    .text.LED_color     led.o
    0x0800263e   0x0800263e   0x00000002   PAD
    0x08002640   0x08002640   0x0000007a   Code   RO         1511    .text.LED_init      led.o
    0x080026ba   0x080026ba   0x00000002   PAD
    0x080026bc   0x080026bc   0x000000bc   Code   RO           34    .text.MX_GPIO_Init  gpio.o
    0x08002778   0x08002778   0x0000004c   Code   RO           42    .text.MX_SPI3_Init  spi.o
    0x080027c4   0x080027c4   0x00000084   Code   RO           59    .text.MX_TIM1_Init  tim.o
    0x08002848   0x08002848   0x000000d2   Code   RO           61    .text.MX_TIM2_Init  tim.o
    0x0800291a   0x0800291a   0x00000002   PAD
    0x0800291c   0x0800291c   0x00000080   Code   RO           65    .text.MX_TIM3_Init  tim.o
    0x0800299c   0x0800299c   0x0000003c   Code   RO           82    .text.MX_USART1_UART_Init  usart.o
    0x080029d8   0x080029d8   0x00000002   Code   RO          101    .text.MemManage_Handler  stm32l4xx_it.o
    0x080029da   0x080029da   0x00000002   PAD
    0x080029dc   0x080029dc   0x00000002   Code   RO           97    .text.NMI_Handler   stm32l4xx_it.o
    0x080029de   0x080029de   0x00000002   PAD
    0x080029e0   0x080029e0   0x0000002c   Code   RO          899    .text.NVIC_EncodePriority  stm32l4xx_hal_cortex.o
    0x08002a0c   0x08002a0c   0x00000002   Code   RO          111    .text.PendSV_Handler  stm32l4xx_it.o
    0x08002a0e   0x08002a0e   0x00000002   PAD
    0x08002a10   0x08002a10   0x00000166   Code   RO          570    .text.RCCEx_PLLSAI1_Config  stm32l4xx_hal_rcc_ex.o
    0x08002b76   0x08002b76   0x00000002   PAD
    0x08002b78   0x08002b78   0x00000142   Code   RO          572    .text.RCCEx_PLLSAI2_Config  stm32l4xx_hal_rcc_ex.o
    0x08002cba   0x08002cba   0x00000002   PAD
    0x08002cbc   0x08002cbc   0x0000008e   Code   RO          536    .text.RCC_SetFlashLatencyFromMSIRange  stm32l4xx_hal_rcc.o
    0x08002d4a   0x08002d4a   0x00000002   PAD
    0x08002d4c   0x08002d4c   0x00000018   Code   RO           48    .text.SPI3_WriteByte  spi.o
    0x08002d64   0x08002d64   0x00000042   Code   RO          146    .text.SPI_EndRxTxTransaction  stm32l4xx_hal_spi.o
    0x08002da6   0x08002da6   0x00000002   PAD
    0x08002da8   0x08002da8   0x000000d4   Code   RO          202    .text.SPI_WaitFifoStateUntilTimeout  stm32l4xx_hal_spi.o
    0x08002e7c   0x08002e7c   0x000000b4   Code   RO          204    .text.SPI_WaitFlagStateUntilTimeout  stm32l4xx_hal_spi.o
    0x08002f30   0x08002f30   0x00000002   Code   RO          107    .text.SVC_Handler   stm32l4xx_it.o
    0x08002f32   0x08002f32   0x00000002   PAD
    0x08002f34   0x08002f34   0x0000002e   Code   RO          915    .text.SysTick_Config  stm32l4xx_hal_cortex.o
    0x08002f62   0x08002f62   0x00000002   PAD
    0x08002f64   0x08002f64   0x00000008   Code   RO          113    .text.SysTick_Handler  stm32l4xx_it.o
    0x08002f6c   0x08002f6c   0x00000076   Code   RO           13    .text.SystemClock_Config  main.o
    0x08002fe2   0x08002fe2   0x00000002   PAD
    0x08002fe4   0x08002fe4   0x00000052   Code   RO         1495    .text.SystemInit    system_stm32l4xx.o
    0x08003036   0x08003036   0x00000002   PAD
    0x08003038   0x08003038   0x00000010   Code   RO          117    .text.TIM1_UP_TIM16_IRQHandler  stm32l4xx_it.o
    0x08003048   0x08003048   0x00000010   Code   RO          119    .text.TIM3_IRQHandler  stm32l4xx_it.o
    0x08003058   0x08003058   0x00000122   Code   RO          991    .text.TIM_Base_SetConfig  stm32l4xx_hal_tim.o
    0x0800317a   0x0800317a   0x00000002   PAD
    0x0800317c   0x0800317c   0x00000024   Code   RO         1025    .text.TIM_CCxChannelCmd  stm32l4xx_hal_tim.o
    0x080031a0   0x080031a0   0x00000016   Code   RO         1181    .text.TIM_ETR_SetConfig  stm32l4xx_hal_tim.o
    0x080031b6   0x080031b6   0x00000002   PAD
    0x080031b8   0x080031b8   0x00000010   Code   RO         1187    .text.TIM_ITRx_SetConfig  stm32l4xx_hal_tim.o
    0x080031c8   0x080031c8   0x00000080   Code   RO         1135    .text.TIM_OC1_SetConfig  stm32l4xx_hal_tim.o
    0x08003248   0x08003248   0x0000008e   Code   RO         1137    .text.TIM_OC2_SetConfig  stm32l4xx_hal_tim.o
    0x080032d6   0x080032d6   0x00000002   PAD
    0x080032d8   0x080032d8   0x0000008e   Code   RO         1139    .text.TIM_OC3_SetConfig  stm32l4xx_hal_tim.o
    0x08003366   0x08003366   0x00000002   PAD
    0x08003368   0x08003368   0x00000060   Code   RO         1141    .text.TIM_OC4_SetConfig  stm32l4xx_hal_tim.o
    0x080033c8   0x080033c8   0x00000060   Code   RO         1143    .text.TIM_OC5_SetConfig  stm32l4xx_hal_tim.o
    0x08003428   0x08003428   0x00000060   Code   RO         1145    .text.TIM_OC6_SetConfig  stm32l4xx_hal_tim.o
    0x08003488   0x08003488   0x00000022   Code   RO         1185    .text.TIM_TI1_ConfigInputStage  stm32l4xx_hal_tim.o
    0x080034aa   0x080034aa   0x00000002   PAD
    0x080034ac   0x080034ac   0x00000024   Code   RO         1189    .text.TIM_TI2_ConfigInputStage  stm32l4xx_hal_tim.o
    0x080034d0   0x080034d0   0x000000e6   Code   RO         1341    .text.UART_AdvFeatureConfig  stm32l4xx_hal_uart.o
    0x080035b6   0x080035b6   0x00000002   PAD
    0x080035b8   0x080035b8   0x00000066   Code   RO         1343    .text.UART_CheckIdleState  stm32l4xx_hal_uart.o
    0x0800361e   0x0800361e   0x00000002   PAD
    0x08003620   0x08003620   0x00000268   Code   RO         1339    .text.UART_SetConfig  stm32l4xx_hal_uart.o
    0x08003888   0x08003888   0x000000ae   Code   RO         1357    .text.UART_WaitOnFlagUntilTimeout  stm32l4xx_hal_uart.o
    0x08003936   0x08003936   0x00000002   PAD
    0x08003938   0x08003938   0x00000002   Code   RO          105    .text.UsageFault_Handler  stm32l4xx_it.o
    0x0800393a   0x0800393a   0x00000002   PAD
    0x0800393c   0x0800393c   0x00000020   Code   RO          903    .text.__NVIC_EnableIRQ  stm32l4xx_hal_cortex.o
    0x0800395c   0x0800395c   0x00000010   Code   RO          895    .text.__NVIC_GetPriorityGrouping  stm32l4xx_hal_cortex.o
    0x0800396c   0x0800396c   0x00000022   Code   RO          897    .text.__NVIC_SetPriority  stm32l4xx_hal_cortex.o
    0x0800398e   0x0800398e   0x00000002   PAD
    0x08003990   0x08003990   0x00000020   Code   RO          891    .text.__NVIC_SetPriorityGrouping  stm32l4xx_hal_cortex.o
    0x080039b0   0x080039b0   0x00000138   Code   RO           11    .text.main          main.o
    0x08003ae8   0x08003ae8   0x0000001c   Code   RO           15    .text.my_printf     main.o
    0x08003b04   0x08003b04   0x0000001a   Code   RO         1737    x$fpl$fpinit        fz_wm.l(fpinit.o)
    0x08003b1e   0x08003b1e   0x00000010   Data   RO         1500    .rodata.AHBPrescTable  system_stm32l4xx.o
    0x08003b2e   0x08003b2e   0x00000008   Data   RO         1501    .rodata.APBPrescTable  system_stm32l4xx.o
    0x08003b36   0x08003b36   0x00000002   PAD
    0x08003b38   0x08003b38   0x00000030   Data   RO         1502    .rodata.MSIRangeTable  system_stm32l4xx.o
    0x08003b68   0x08003b68   0x00012a20   Data   RO           23    .rodata.gImage_h    main.o
    0x08016588   0x08016588   0x00000020   Data   RO         1798    Region$$Table       anon$$obj.o


    Execution Region RW_IRAM2 (Exec base: 0x10000000, Load base: 0x080165b8, Size: 0x00000000, Max: 0x00008000, ABSOLUTE)

    **** No section assigned to this execution region ****


    Execution Region RW_IRAM1 (Exec base: 0x20000000, Load base: 0x080165a8, Size: 0x00000cc0, Max: 0x00018000, ABSOLUTE)

    Exec Addr    Load Addr    Size         Type   Attr      Idx    E Section Name        Object

    0x20000000   0x080165a8   0x00000004   Data   RW         1499    .data.SystemCoreClock  system_stm32l4xx.o
    0x20000004   0x080165ac   0x00000001   Data   RW          336    .data.uwTickFreq    stm32l4xx_hal.o
    0x20000005   0x080165ad   0x00000003   PAD
    0x20000008   0x080165b0   0x00000004   Data   RW          335    .data.uwTickPrio    stm32l4xx_hal.o
    0x2000000c   0x080165b4   0x00000004   PAD
    0x20000010        -       0x00000060   Zero   RW         1665    .bss                c_w.l(libspace.o)
    0x20000070        -       0x00000064   Zero   RW           50    .bss.hspi3          spi.o
    0x200000d4        -       0x0000004c   Zero   RW           71    .bss.htim1          tim.o
    0x20000120        -       0x0000004c   Zero   RW           72    .bss.htim2          tim.o
    0x2000016c        -       0x0000004c   Zero   RW           73    .bss.htim3          tim.o
    0x200001b8        -       0x00000080   Zero   RW           88    .bss.huart1         usart.o
    0x20000238        -       0x00000480   Zero   RW         1608    .bss.lcd_buf        lcd.o
    0x200006b8        -       0x00000004   Zero   RW          337    .bss.uwTick         stm32l4xx_hal.o
    0x200006bc   0x080165b4   0x00000004   PAD
    0x200006c0        -       0x00000200   Zero   RW            2    HEAP                startup_stm32l475xx.o
    0x200008c0        -       0x00000400   Zero   RW            1    STACK               startup_stm32l475xx.o


==============================================================================

Image component sizes


      Code (inc. data)   RO Data    RW Data    ZI Data      Debug   Object Name

        98          0          0          0          0       2470   beep.o
       188          0          0          0          0       4049   gpio.o
       932          0          0          0       1152      11600   lcd.o
       256          8          0          0          0       2640   led.o
       604         56      76320          0          0       7081   main.o
       272          0          0          0        100       5190   spi.o
        64         26        392          0       1536        820   startup_stm32l475xx.o
       194          0          0          5          4       8760   stm32l4xx_hal.o
       258          0          0          0          0      10283   stm32l4xx_hal_cortex.o
       512          0          0          0          0       5242   stm32l4xx_hal_gpio.o
        58          0          0          0          0       1544   stm32l4xx_hal_msp.o
       134          0          0          0          0       8931   stm32l4xx_hal_pwr_ex.o
      2206          0          0          0          0       9351   stm32l4xx_hal_rcc.o
      1644          8          0          0          0      13690   stm32l4xx_hal_rcc_ex.o
      1114          0          0          0          0      22182   stm32l4xx_hal_spi.o
      2732         14          0          0          0      44611   stm32l4xx_hal_tim.o
       200          0          0          0          0      19052   stm32l4xx_hal_tim_ex.o
      1428         62          0          0          0      21738   stm32l4xx_hal_uart.o
        68          0          0          0          0       1431   stm32l4xx_it.o
        82          0         72          4          0       3130   system_stm32l4xx.o
       710          0          0          0        228       8710   tim.o
       172          0          0          0        128       5057   usart.o

    ----------------------------------------------------------------------
     14052        174      76818         12       3156     217562   Object Totals
         0          0         32          0          0          0   (incl. Generated)
       126          0          2          3          8          0   (incl. Padding)

    ----------------------------------------------------------------------

      Code (inc. data)   RO Data    RW Data    ZI Data      Debug   Library Member Name

         8          0          0          0          0         68   __main.o
         0          0          0          0          0          0   __rtentry.o
        12          0          0          0          0          0   __rtentry2.o
         6          0          0          0          0          0   __rtentry4.o
        52          8          0          0          0          0   __scatter.o
        26          0          0          0          0          0   __scatter_copy.o
        28          0          0          0          0          0   __scatter_zi.o
        18          0          0          0          0         80   exit.o
         6          0          0          0          0        152   heapauxi.o
         0          0          0          0          0          0   indicate_semi.o
         2          0          0          0          0          0   libinit.o
         6          0          0          0          0          0   libinit2.o
         2          0          0          0          0          0   libshutdown.o
         2          0          0          0          0          0   libshutdown2.o
         8          4          0          0         96         68   libspace.o
       240          0          0          0          0        100   lludivv7m.o
        78          0          0          0          0         80   rt_memclr_w.o
         2          0          0          0          0          0   rtexit.o
        10          0          0          0          0          0   rtexit2.o
        62          0          0          0          0         76   strlen.o
        12          4          0          0          0         68   sys_exit.o
        74          0          0          0          0         80   sys_stackheap_outer.o
         2          0          0          0          0         68   use_no_semi.o
        26          0          0          0          0        116   fpinit.o

    ----------------------------------------------------------------------
       690         16          0          0         96        956   Library Totals
         8          0          0          0          0          0   (incl. Padding)

    ----------------------------------------------------------------------

      Code (inc. data)   RO Data    RW Data    ZI Data      Debug   Library Name

       656         16          0          0         96        840   c_w.l
        26          0          0          0          0        116   fz_wm.l

    ----------------------------------------------------------------------
       690         16          0          0         96        956   Library Totals

    ----------------------------------------------------------------------

==============================================================================


      Code (inc. data)   RO Data    RW Data    ZI Data      Debug   

     14742        190      76818         12       3252     217886   Grand Totals
     14742        190      76818         12       3252     217886   ELF Image Totals
     14742        190      76818         12          0          0   ROM Totals

==============================================================================

    Total RO  Size (Code + RO Data)                91560 (  89.41kB)
    Total RW  Size (RW Data + ZI Data)              3264 (   3.19kB)
    Total ROM Size (Code + RO Data + RW Data)      91572 (  89.43kB)

==============================================================================

