tx_misra.c:49:7:_tx_misra_memset	24	static
tx_misra.c:62:9:_tx_misra_uchar_pointer_add	16	static
tx_misra.c:76:9:_tx_misra_uchar_pointer_sub	16	static
tx_misra.c:90:8:_tx_misra_uchar_pointer_dif	24	static
tx_misra.c:107:8:_tx_misra_pointer_to_ulong_convert	16	static
tx_misra.c:120:9:_tx_misra_ulong_pointer_add	16	static
tx_misra.c:134:9:_tx_misra_ulong_pointer_sub	16	static
tx_misra.c:149:9:_tx_misra_ulong_pointer_dif	24	static
tx_misra.c:165:8:_tx_misra_ulong_to_pointer_convert	16	static
tx_misra.c:180:7:_tx_misra_message_copy	40	static
tx_misra.c:218:8:_tx_misra_timer_pointer_dif	24	static
tx_misra.c:236:22:_tx_misra_timer_pointer_add	16	static
tx_misra.c:251:6:_tx_misra_user_timer_pointer_get	24	static
tx_misra.c:274:7:_tx_misra_thread_stack_check	48	static,ignoring_inline_asm
tx_misra.c:403:7:_tx_misra_always_true	4	static
tx_misra.c:416:10:_tx_misra_indirect_void_to_uchar_pointer_convert	16	static
tx_misra.c:431:10:_tx_misra_uchar_to_indirect_uchar_pointer_convert	16	static
tx_misra.c:446:9:_tx_misra_block_pool_to_uchar_pointer_convert	16	static
tx_misra.c:461:17:_tx_misra_void_to_block_pool_pointer_convert	16	static
tx_misra.c:476:9:_tx_misra_void_to_uchar_pointer_convert	16	static
tx_misra.c:491:17:_tx_misra_uchar_to_block_pool_pointer_convert	16	static
tx_misra.c:506:10:_tx_misra_void_to_indirect_uchar_pointer_convert	16	static
tx_misra.c:521:16:_tx_misra_void_to_byte_pool_pointer_convert	16	static
tx_misra.c:536:9:_tx_misra_byte_pool_to_uchar_pointer_convert	16	static
tx_misra.c:551:14:_tx_misra_uchar_to_align_type_pointer_convert	16	static
tx_misra.c:566:17:_tx_misra_uchar_to_indirect_byte_pool_pointer_convert	16	static
tx_misra.c:581:24:_tx_misra_void_to_event_flags_pointer_convert	16	static
tx_misra.c:596:9:_tx_misra_void_to_ulong_pointer_convert	16	static
tx_misra.c:611:12:_tx_misra_void_to_mutex_pointer_convert	16	static
tx_misra.c:626:7:_tx_misra_status_get	16	static
tx_misra.c:641:12:_tx_misra_void_to_queue_pointer_convert	16	static
tx_misra.c:656:16:_tx_misra_void_to_semaphore_pointer_convert	16	static
tx_misra.c:671:8:_tx_misra_uchar_to_void_pointer_convert	16	static
tx_misra.c:686:13:_tx_misra_ulong_to_thread_pointer_convert	16	static
tx_misra.c:701:8:_tx_misra_timer_indirect_to_void_pointer_convert	16	static
tx_misra.c:716:8:_tx_misra_const_char_to_char_pointer_convert	16	static
tx_misra.c:731:13:_tx_misra_void_to_thread_pointer_convert	16	static
tx_misra.c:825:9:_tx_misra_char_to_uchar_pointer_convert	16	static
